Archive member included to satisfy reference by file (symbol)

C:/ST/STM32CubeIDE_1.16.0/STM32CubeIDE/plugins/com.st.stm32cube.ide.mcu.externaltools.gnu-tools-for-stm32.12.3.rel1.win32_1.0.200.202406191623/tools/bin/../lib/gcc/arm-none-eabi/12.3.1/../../../../arm-none-eabi/lib/thumb/v7e-m+fp/hard\libc_nano.a(libc_a-exit.o)
                              C:/ST/STM32CubeIDE_1.16.0/STM32CubeIDE/plugins/com.st.stm32cube.ide.mcu.externaltools.gnu-tools-for-stm32.12.3.rel1.win32_1.0.200.202406191623/tools/bin/../lib/gcc/arm-none-eabi/12.3.1/../../../../arm-none-eabi/lib/thumb/v7e-m+fp/hard/crt0.o (exit)
C:/ST/STM32CubeIDE_1.16.0/STM32CubeIDE/plugins/com.st.stm32cube.ide.mcu.externaltools.gnu-tools-for-stm32.12.3.rel1.win32_1.0.200.202406191623/tools/bin/../lib/gcc/arm-none-eabi/12.3.1/../../../../arm-none-eabi/lib/thumb/v7e-m+fp/hard\libc_nano.a(libc_a-findfp.o)
                              ./Middlewares/Third_Party/FreeRTOS/Source/tasks.o (__sf)
C:/ST/STM32CubeIDE_1.16.0/STM32CubeIDE/plugins/com.st.stm32cube.ide.mcu.externaltools.gnu-tools-for-stm32.12.3.rel1.win32_1.0.200.202406191623/tools/bin/../lib/gcc/arm-none-eabi/12.3.1/../../../../arm-none-eabi/lib/thumb/v7e-m+fp/hard\libc_nano.a(libc_a-fwalk.o)
                              C:/ST/STM32CubeIDE_1.16.0/STM32CubeIDE/plugins/com.st.stm32cube.ide.mcu.externaltools.gnu-tools-for-stm32.12.3.rel1.win32_1.0.200.202406191623/tools/bin/../lib/gcc/arm-none-eabi/12.3.1/../../../../arm-none-eabi/lib/thumb/v7e-m+fp/hard\libc_nano.a(libc_a-findfp.o) (_fwalk_sglue)
C:/ST/STM32CubeIDE_1.16.0/STM32CubeIDE/plugins/com.st.stm32cube.ide.mcu.externaltools.gnu-tools-for-stm32.12.3.rel1.win32_1.0.200.202406191623/tools/bin/../lib/gcc/arm-none-eabi/12.3.1/../../../../arm-none-eabi/lib/thumb/v7e-m+fp/hard\libc_nano.a(libc_a-stdio.o)
                              C:/ST/STM32CubeIDE_1.16.0/STM32CubeIDE/plugins/com.st.stm32cube.ide.mcu.externaltools.gnu-tools-for-stm32.12.3.rel1.win32_1.0.200.202406191623/tools/bin/../lib/gcc/arm-none-eabi/12.3.1/../../../../arm-none-eabi/lib/thumb/v7e-m+fp/hard\libc_nano.a(libc_a-findfp.o) (__sread)
C:/ST/STM32CubeIDE_1.16.0/STM32CubeIDE/plugins/com.st.stm32cube.ide.mcu.externaltools.gnu-tools-for-stm32.12.3.rel1.win32_1.0.200.202406191623/tools/bin/../lib/gcc/arm-none-eabi/12.3.1/../../../../arm-none-eabi/lib/thumb/v7e-m+fp/hard\libc_nano.a(libc_a-memset.o)
                              C:/ST/STM32CubeIDE_1.16.0/STM32CubeIDE/plugins/com.st.stm32cube.ide.mcu.externaltools.gnu-tools-for-stm32.12.3.rel1.win32_1.0.200.202406191623/tools/bin/../lib/gcc/arm-none-eabi/12.3.1/../../../../arm-none-eabi/lib/thumb/v7e-m+fp/hard/crt0.o (memset)
C:/ST/STM32CubeIDE_1.16.0/STM32CubeIDE/plugins/com.st.stm32cube.ide.mcu.externaltools.gnu-tools-for-stm32.12.3.rel1.win32_1.0.200.202406191623/tools/bin/../lib/gcc/arm-none-eabi/12.3.1/../../../../arm-none-eabi/lib/thumb/v7e-m+fp/hard\libc_nano.a(libc_a-closer.o)
                              C:/ST/STM32CubeIDE_1.16.0/STM32CubeIDE/plugins/com.st.stm32cube.ide.mcu.externaltools.gnu-tools-for-stm32.12.3.rel1.win32_1.0.200.202406191623/tools/bin/../lib/gcc/arm-none-eabi/12.3.1/../../../../arm-none-eabi/lib/thumb/v7e-m+fp/hard\libc_nano.a(libc_a-stdio.o) (_close_r)
C:/ST/STM32CubeIDE_1.16.0/STM32CubeIDE/plugins/com.st.stm32cube.ide.mcu.externaltools.gnu-tools-for-stm32.12.3.rel1.win32_1.0.200.202406191623/tools/bin/../lib/gcc/arm-none-eabi/12.3.1/../../../../arm-none-eabi/lib/thumb/v7e-m+fp/hard\libc_nano.a(libc_a-reent.o)
                              ./Middlewares/Third_Party/FreeRTOS/Source/tasks.o (_reclaim_reent)
C:/ST/STM32CubeIDE_1.16.0/STM32CubeIDE/plugins/com.st.stm32cube.ide.mcu.externaltools.gnu-tools-for-stm32.12.3.rel1.win32_1.0.200.202406191623/tools/bin/../lib/gcc/arm-none-eabi/12.3.1/../../../../arm-none-eabi/lib/thumb/v7e-m+fp/hard\libc_nano.a(libc_a-impure.o)
                              ./Middlewares/Third_Party/FreeRTOS/Source/tasks.o (_impure_ptr)
C:/ST/STM32CubeIDE_1.16.0/STM32CubeIDE/plugins/com.st.stm32cube.ide.mcu.externaltools.gnu-tools-for-stm32.12.3.rel1.win32_1.0.200.202406191623/tools/bin/../lib/gcc/arm-none-eabi/12.3.1/../../../../arm-none-eabi/lib/thumb/v7e-m+fp/hard\libc_nano.a(libc_a-lseekr.o)
                              C:/ST/STM32CubeIDE_1.16.0/STM32CubeIDE/plugins/com.st.stm32cube.ide.mcu.externaltools.gnu-tools-for-stm32.12.3.rel1.win32_1.0.200.202406191623/tools/bin/../lib/gcc/arm-none-eabi/12.3.1/../../../../arm-none-eabi/lib/thumb/v7e-m+fp/hard\libc_nano.a(libc_a-stdio.o) (_lseek_r)
C:/ST/STM32CubeIDE_1.16.0/STM32CubeIDE/plugins/com.st.stm32cube.ide.mcu.externaltools.gnu-tools-for-stm32.12.3.rel1.win32_1.0.200.202406191623/tools/bin/../lib/gcc/arm-none-eabi/12.3.1/../../../../arm-none-eabi/lib/thumb/v7e-m+fp/hard\libc_nano.a(libc_a-readr.o)
[...]
Memory Configuration

Name             Origin             Length             Attributes
RAM              0x20000000         0x00020000         xrw
FLASH            0x08000000         0x00080000         xr
*default*        0x00000000         0xffffffff

Linker script and memory map

LOAD C:/ST/STM32CubeIDE_1.16.0/STM32CubeIDE/plugins/com.st.stm32cube.ide.mcu.externaltools.gnu-tools-for-stm32.12.3.rel1.win32_1.0.200.202406191623/tools/bin/../lib/gcc/arm-none-eabi/12.3.1/thumb/v7e-m+fp/hard/crti.o
LOAD C:/ST/STM32CubeIDE_1.16.0/STM32CubeIDE/plugins/com.st.stm32cube.ide.mcu.externaltools.gnu-tools-for-stm32.12.3.rel1.win32_1.0.200.202406191623/tools/bin/../lib/gcc/arm-none-eabi/12.3.1/thumb/v7e-m+fp/hard/crtbegin.o
LOAD C:/ST/STM32CubeIDE_1.16.0/STM32CubeIDE/plugins/com.st.stm32cube.ide.mcu.externaltools.gnu-tools-for-stm32.12.3.rel1.win32_1.0.200.202406191623/tools/bin/../lib/gcc/arm-none-eabi/12.3.1/../../../../arm-none-eabi/lib/thumb/v7e-m+fp/hard/crt0.o
LOAD ./Core/Src/dma.o
LOAD ./Core/Src/freertos.o
LOAD ./Core/Src/gpio.o
LOAD ./Core/Src/main.o
LOAD ./Core/Src/stm32f4xx_hal_msp.o
LOAD ./Core/Src/stm32f4xx_hal_timebase_tim.o
LOAD ./Core/Src/stm32f4xx_it.o
LOAD ./Core/Src/syscalls.o
LOAD ./Core/Src/sysmem.o
LOAD ./Core/Src/system_stm32f4xx.o
LOAD ./Core/Src/usart.o
LOAD ./Core/Startup/startup_stm32f411retx.o
LOAD ./Drivers/STM32F4xx_HAL_Driver/Src/stm32f4xx_hal.o
LOAD ./Drivers/STM32F4xx_HAL_Driver/Src/stm32f4xx_hal_cortex.o
LOAD ./Drivers/STM32F4xx_HAL_Driver/Src/stm32f4xx_hal_dma.o
LOAD ./Drivers/STM32F4xx_HAL_Driver/Src/stm32f4xx_hal_dma_ex.o
LOAD ./Drivers/STM32F4xx_HAL_Driver/Src/stm32f4xx_hal_exti.o
LOAD ./Drivers/STM32F4xx_HAL_Driver/Src/stm32f4xx_hal_flash.o
LOAD ./Drivers/STM32F4xx_HAL_Driver/Src/stm32f4xx_hal_flash_ex.o
LOAD ./Drivers/STM32F4xx_HAL_Driver/Src/stm32f4xx_hal_flash_ramfunc.o
LOAD ./Drivers/STM32F4xx_HAL_Driver/Src/stm32f4xx_hal_gpio.o
LOAD ./Drivers/STM32F4xx_HAL_Driver/Src/stm32f4xx_hal_pwr.o
LOAD ./Drivers/STM32F4xx_HAL_Driver/Src/stm32f4xx_hal_pwr_ex.o
LOAD ./Drivers/STM32F4xx_HAL_Driver/Src/stm32f4xx_hal_rcc.o
LOAD ./Drivers/STM32F4xx_HAL_Driver/Src/stm32f4xx_hal_rcc_ex.o
LOAD ./Drivers/STM32F4xx_HAL_Driver/Src/stm32f4xx_hal_tim.o
LOAD ./Drivers/STM32F4xx_HAL_Driver/Src/stm32f4xx_hal_tim_ex.o
LOAD ./Drivers/STM32F4xx_HAL_Driver/Src/stm32f4xx_hal_uart.o
LOAD ./Middlewares/Third_Party/FreeRTOS/Source/CMSIS_RTOS_V2/cmsis_os2.o
LOAD ./Middlewares/Third_Party/FreeRTOS/Source/croutine.o
LOAD ./Middlewares/Third_Party/FreeRTOS/Source/event_groups.o
LOAD ./Middlewares/Third_Party/FreeRTOS/Source/list.o
LOAD ./Middlewares/Third_Party/FreeRTOS/Source/queue.o
LOAD ./Middlewares/Third_Party/FreeRTOS/Source/stream_buffer.o
LOAD ./Middlewares/Third_Party/FreeRTOS/Source/tasks.o
LOAD ./Middlewares/Third_Party/FreeRTOS/Source/timers.o
LOAD ./Middlewares/Third_Party/FreeRTOS/Source/portable/GCC/ARM_CM4F/port.o
LOAD ./Middlewares/Third_Party/FreeRTOS/Source/portable/MemMang/heap_4.o
LOAD ./app/ap.o
LOAD ./app/step_motor.o
LOAD ./app/hw/driver/led.o
LOAD ./app/hw/hw.o
START GROUP
LOAD C:/ST/STM32CubeIDE_1.16.0/STM32CubeIDE/plugins/com.st.stm32cube.ide.mcu.externaltools.gnu-tools-for-stm32.12.3.rel1.win32_1.0.200.202406191623/tools/bin/../lib/gcc/arm-none-eabi/12.3.1/../../../../arm-none-eabi/lib/thumb/v7e-m+fp/hard\libc_nano.a
LOAD C:/ST/STM32CubeIDE_1.16.0/STM32CubeIDE/plugins/com.st.stm32cube.ide.mcu.externaltools.gnu-tools-for-stm32.12.3.rel1.win32_1.0.200.202406191623/tools/bin/../lib/gcc/arm-none-eabi/12.3.1/../../../../arm-none-eabi/lib/thumb/v7e-m+fp/hard\libm.a
END GROUP
START GROUP
LOAD C:/ST/STM32CubeIDE_1.16.0/STM32CubeIDE/plugins/com.st.stm32cube.ide.mcu.externaltools.gnu-tools-for-stm32.12.3.rel1.win32_1.0.200.202406191623/tools/bin/../lib/gcc/arm-none-eabi/12.3.1/thumb/v7e-m+fp/hard\libgcc.a
LOAD C:/ST/STM32CubeIDE_1.16.0/STM32CubeIDE/plugins/com.st.stm32cube.ide.mcu.externaltools.gnu-tools-for-stm32.12.3.rel1.win32_1.0.200.202406191623/tools/bin/../lib/gcc/arm-none-eabi/12.3.1/../../../../arm-none-eabi/lib/thumb/v7e-m+fp/hard\libc_nano.a
END GROUP
START GROUP
LOAD C:/ST/STM32CubeIDE_1.16.0/STM32CubeIDE/plugins/com.st.stm32cube.ide.mcu.externaltools.gnu-tools-for-stm32.12.3.rel1.win32_1.0.200.202406191623/tools/bin/../lib/gcc/arm-none-eabi/12.3.1/thumb/v7e-m+fp/hard\libgcc.a
LOAD C:/ST/STM32CubeIDE_1.16.0/STM32CubeIDE/plugins/com.st.stm32cube.ide.mcu.externaltools.gnu-tools-for-stm32.12.3.rel1.win32_1.0.200.202406191623/tools/bin/../lib/gcc/arm-none-eabi/12.3.1/../../../../arm-none-eabi/lib/thumb/v7e-m+fp/hard\libc_nano.a
LOAD C:/ST/STM32CubeIDE_1.16.0/STM32CubeIDE/plugins/com.st.stm32cube.ide.mcu.externaltools.gnu-tools-for-stm32.12.3.rel1.win32_1.0.200.202406191623/tools/bin/../lib/gcc/arm-none-eabi/12.3.1/../../../../arm-none-eabi/lib/thumb/v7e-m+fp/hard\libnosys.a
END GROUP
START GROUP
LOAD C:/ST/STM32CubeIDE_1.16.0/STM32CubeIDE/plugins/com.st.stm32cube.ide.mcu.externaltools.gnu-tools-for-stm32.12.3.rel1.win32_1.0.200.202406191623/tools/bin/../lib/gcc/arm-none-eabi/12.3.1/thumb/v7e-m+fp/hard\libgcc.a
LOAD C:/ST/STM32CubeIDE_1.16.0/STM32CubeIDE/plugins/com.st.stm32cube.ide.mcu.externaltools.gnu-tools-for-stm32.12.3.rel1.win32_1.0.200.202406191623/tools/bin/../lib/gcc/arm-none-eabi/12.3.1/../../../../arm-none-eabi/lib/thumb/v7e-m+fp/hard\libc_nano.a
LOAD C:/ST/STM32CubeIDE_1.16.0/STM32CubeIDE/plugins/com.st.stm32cube.ide.mcu.externaltools.gnu-tools-for-stm32.12.3.rel1.win32_1.0.200.202406191623/tools/bin/../lib/gcc/arm-none-eabi/12.3.1/../../../../arm-none-eabi/lib/thumb/v7e-m+fp/hard\libnosys.a
END GROUP
LOAD C:/ST/STM32CubeIDE_1.16.0/STM32CubeIDE/plugins/com.st.stm32cube.ide.mcu.externaltools.gnu-tools-for-stm32.12.3.rel1.win32_1.0.200.202406191623/tools/bin/../lib/gcc/arm-none-eabi/12.3.1/thumb/v7e-m+fp/hard/crtend.o
LOAD C:/ST/STM32CubeIDE_1.16.0/STM32CubeIDE/plugins/com.st.stm32cube.ide.mcu.externaltools.gnu-tools-for-stm32.12.3.rel1.win32_1.0.200.202406191623/tools/bin/../lib/gcc/arm-none-eabi/12.3.1/thumb/v7e-m+fp/hard/crtn.o
                0x20020000                        _estack = (ORIGIN (RAM) + LENGTH (RAM))
                0x00000200                        _Min_Heap_Size = 0x200
                0x00000400                        _Min_Stack_Size = 0x400

.isr_vector     0x08000000      0x198
                0x08000000                        . = ALIGN (0x4)
 *(.isr_vector)
 .isr_vector    0x08000000      0x198 ./Core/Startup/startup_stm32f411retx.o
                0x08000000                g_pfnVectors
                0x08000198                        . = ALIGN (0x4)

.text           0x080001a0     0x6044
                0x080001a0                        . = ALIGN (0x4)
 *(.text)
 .text          0x080001a0       0x40 C:/ST/STM32CubeIDE_1.16.0/STM32CubeIDE/plugins/com.st.stm32cube.ide.mcu.externaltools.gnu-tools-for-stm32.12.3.rel1.win32_1.0.200.202406191623/tools/bin/../lib/gcc/arm-none-eabi/12.3.1/thumb/v7e-m+fp/hard/crtbegin.o
 .text          0x080001e0       0x30 C:/ST/STM32CubeIDE_1.16.0/STM32CubeIDE/plugins/com.st.stm32cube.ide.mcu.externaltools.gnu-tools-for-stm32.12.3.rel1.win32_1.0.200.202406191623/tools/bin/../lib/gcc/arm-none-eabi/12.3.1/thumb/v7e-m+fp/hard\libgcc.a(_aeabi_uldivmod.o)
                0x080001e0                __aeabi_uldivmod
 .text          0x08000210      0x2bc C:/ST/STM32CubeIDE_1.16.0/STM32CubeIDE/plugins/com.st.stm32cube.ide.mcu.externaltools.gnu-tools-for-stm32.12.3.rel1.win32_1.0.200.202406191623/tools/bin/../lib/gcc/arm-none-eabi/12.3.1/thumb/v7e-m+fp/hard\libgcc.a(_udivmoddi4.o)
                0x08000210                __udivmoddi4
 .text          0x080004cc        0x4 C:/ST/STM32CubeIDE_1.16.0/STM32CubeIDE/plugins/com.st.stm32cube.ide.mcu.externaltools.gnu-tools-for-stm32.12.3.rel1.win32_1.0.200.202406191623/tools/bin/../lib/gcc/arm-none-eabi/12.3.1/thumb/v7e-m+fp/hard\libgcc.a(_dvmd_tls.o)
                0x080004cc                __aeabi_idiv0
                0x080004cc                __aeabi_ldiv0
 *(.text*)
 .text.MX_DMA_Init
                0x080004d0       0x50 ./Core/Src/dma.o
                0x080004d0                MX_DMA_Init
 .text.MX_FREERTOS_Init
                0x08000520       0x5c ./Core/Src/freertos.o
                0x08000520                MX_FREERTOS_Init
 .text.StartDefaultTask
                0x0800057c       0x10 ./Core/Src/freertos.o
                0x0800057c                StartDefaultTask
 .text.StartTask02
                0x0800058c       0x7c ./Core/Src/freertos.o
                0x0800058c                StartTask02
 .text.StartTask03
                0x08000608       0x90 ./Core/Src/freertos.o
                0x08000608                StartTask03
 .text.MX_GPIO_Init
                0x08000698      0x104 ./Core/Src/gpio.o
                0x08000698                MX_GPIO_Init
 .text.main     0x0800079c       0x2c ./Core/Src/main.o
                0x0800079c                main
 .text.SystemClock_Config
                0x080007c8       0xd0 ./Core/Src/main.o
                0x080007c8                SystemClock_Config
 .text.HAL_TIM_PeriodElapsedCallback
                0x08000898       0x24 ./Core/Src/main.o
                0x08000898                HAL_TIM_PeriodElapsedCallback
 .text.Error_Handler
                0x080008bc        0xc ./Core/Src/main.o
                0x080008bc                Error_Handler
 .text.HAL_MspInit
                0x080008c8       0x58 ./Core/Src/stm32f4xx_hal_msp.o
                0x080008c8                HAL_MspInit
 .text.HAL_InitTick
                0x08000920       0xe4 ./Core/Src/stm32f4xx_hal_timebase_tim.o
                0x08000920                HAL_InitTick
 .text.NMI_Handler
                0x08000a04        0x8 ./Core/Src/stm32f4xx_it.o
                0x08000a04                NMI_Handler
 .text.HardFault_Handler
                0x08000a0c        0x8 ./Core/Src/stm32f4xx_it.o
                0x08000a0c                HardFault_Handler
 .text.MemManage_Handler
                0x08000a14        0x8 ./Core/Src/stm32f4xx_it.o
                0x08000a14                MemManage_Handler
 .text.BusFault_Handler
                0x08000a1c        0x8 ./Core/Src/stm32f4xx_it.o
                0x08000a1c                BusFault_Handler
 .text.UsageFault_Handler
                0x08000a24        0x8 ./Core/Src/stm32f4xx_it.o
                0x08000a24                UsageFault_Handler
 .text.DebugMon_Handler
                0x08000a2c        0xe ./Core/Src/stm32f4xx_it.o
                0x08000a2c                DebugMon_Handler
 *fill*         0x08000a3a        0x2 
 .text.TIM1_TRG_COM_TIM11_IRQHandler
                0x08000a3c       0x14 ./Core/Src/stm32f4xx_it.o
                0x08000a3c                TIM1_TRG_COM_TIM11_IRQHandler
 .text.DMA2_Stream2_IRQHandler
                0x08000a50       0x14 ./Core/Src/stm32f4xx_it.o
                0x08000a50                DMA2_Stream2_IRQHandler
 .text.DMA2_Stream7_IRQHandler
                0x08000a64       0x14 ./Core/Src/stm32f4xx_it.o
                0x08000a64                DMA2_Stream7_IRQHandler
 .text.SystemInit
                0x08000a78       0x24 ./Core/Src/system_stm32f4xx.o
                0x08000a78                SystemInit
 .text.MX_USART1_UART_Init
                0x08000a9c       0x54 ./Core/Src/usart.o
                0x08000a9c                MX_USART1_UART_Init
 .text.HAL_UART_MspInit
                0x08000af0      0x160 ./Core/Src/usart.o
                0x08000af0                HAL_UART_MspInit
 .text.Reset_Handler
                0x08000c50       0x50 ./Core/Startup/startup_stm32f411retx.o
                0x08000c50                Reset_Handler
 .text.Default_Handler
                0x08000ca0        0x2 ./Core/Startup/startup_stm32f411retx.o
                0x08000ca0                RTC_Alarm_IRQHandler
                0x08000ca0                EXTI2_IRQHandler
                0x08000ca0                SPI4_IRQHandler
                0x08000ca0                TIM1_CC_IRQHandler
                0x08000ca0                DMA2_Stream5_IRQHandler
                0x08000ca0                DMA1_Stream5_IRQHandler
                0x08000ca0                PVD_IRQHandler
                0x08000ca0                SDIO_IRQHandler
                0x08000ca0                TAMP_STAMP_IRQHandler
                0x08000ca0                EXTI3_IRQHandler
                0x08000ca0                TIM1_UP_TIM10_IRQHandler
                0x08000ca0                I2C3_ER_IRQHandler
                0x08000ca0                EXTI0_IRQHandler
                0x08000ca0                I2C2_EV_IRQHandler
                0x08000ca0                DMA1_Stream2_IRQHandler
                0x08000ca0                FPU_IRQHandler
                0x08000ca0                SPI1_IRQHandler
                0x08000ca0                TIM1_BRK_TIM9_IRQHandler
                0x08000ca0                DMA2_Stream3_IRQHandler
                0x08000ca0                USART6_IRQHandler
                0x08000ca0                DMA2_Stream0_IRQHandler
                0x08000ca0                TIM4_IRQHandler
                0x08000ca0                I2C1_EV_IRQHandler
                0x08000ca0                DMA1_Stream6_IRQHandler
                0x08000ca0                DMA1_Stream1_IRQHandler
                0x08000ca0                TIM3_IRQHandler
                0x08000ca0                RCC_IRQHandler
                0x08000ca0                Default_Handler
                0x08000ca0                EXTI15_10_IRQHandler
                0x08000ca0                ADC_IRQHandler
                0x08000ca0                DMA1_Stream7_IRQHandler
                0x08000ca0                SPI5_IRQHandler
                0x08000ca0                TIM5_IRQHandler
                0x08000ca0                I2C3_EV_IRQHandler
                0x08000ca0                EXTI9_5_IRQHandler
                0x08000ca0                RTC_WKUP_IRQHandler
                0x08000ca0                SPI2_IRQHandler
                0x08000ca0                DMA1_Stream0_IRQHandler
                0x08000ca0                EXTI4_IRQHandler
                0x08000ca0                WWDG_IRQHandler
                0x08000ca0                TIM2_IRQHandler
                0x08000ca0                OTG_FS_WKUP_IRQHandler
                0x08000ca0                EXTI1_IRQHandler
                0x08000ca0                USART2_IRQHandler
                0x08000ca0                I2C2_ER_IRQHandler
                0x08000ca0                DMA2_Stream1_IRQHandler
                0x08000ca0                FLASH_IRQHandler
                0x08000ca0                DMA2_Stream4_IRQHandler
                0x08000ca0                USART1_IRQHandler
                0x08000ca0                OTG_FS_IRQHandler
                0x08000ca0                SPI3_IRQHandler
                0x08000ca0                DMA1_Stream4_IRQHandler
                0x08000ca0                I2C1_ER_IRQHandler
                0x08000ca0                DMA2_Stream6_IRQHandler
                0x08000ca0                DMA1_Stream3_IRQHandler
 *fill*         0x08000ca2        0x2 
 .text.HAL_Init
                0x08000ca4       0x44 ./Drivers/STM32F4xx_HAL_Driver/Src/stm32f4xx_hal.o
                0x08000ca4                HAL_Init
 .text.HAL_IncTick
                0x08000ce8       0x28 ./Drivers/STM32F4xx_HAL_Driver/Src/stm32f4xx_hal.o
                0x08000ce8                HAL_IncTick
 .text.HAL_GetTick
                0x08000d10       0x18 ./Drivers/STM32F4xx_HAL_Driver/Src/stm32f4xx_hal.o
                0x08000d10                HAL_GetTick
 .text.HAL_Delay
                0x08000d28       0x48 ./Drivers/STM32F4xx_HAL_Driver/Src/stm32f4xx_hal.o
                0x08000d28                HAL_Delay
 .text.__NVIC_SetPriorityGrouping
                0x08000d70       0x48 ./Drivers/STM32F4xx_HAL_Driver/Src/stm32f4xx_hal_cortex.o
 .text.__NVIC_GetPriorityGrouping
                0x08000db8       0x1c ./Drivers/STM32F4xx_HAL_Driver/Src/stm32f4xx_hal_cortex.o
 .text.__NVIC_EnableIRQ
                0x08000dd4       0x3c ./Drivers/STM32F4xx_HAL_Driver/Src/stm32f4xx_hal_cortex.o
 .text.__NVIC_SetPriority
                0x08000e10       0x54 ./Drivers/STM32F4xx_HAL_Driver/Src/stm32f4xx_hal_cortex.o
 .text.NVIC_EncodePriority
                0x08000e64       0x66 ./Drivers/STM32F4xx_HAL_Driver/Src/stm32f4xx_hal_cortex.o
 .text.HAL_NVIC_SetPriorityGrouping
                0x08000eca       0x16 ./Drivers/STM32F4xx_HAL_Driver/Src/stm32f4xx_hal_cortex.o
                0x08000eca                HAL_NVIC_SetPriorityGrouping
 .text.HAL_NVIC_SetPriority
                0x08000ee0       0x38 ./Drivers/STM32F4xx_HAL_Driver/Src/stm32f4xx_hal_cortex.o
                0x08000ee0                HAL_NVIC_SetPriority
 .text.HAL_NVIC_EnableIRQ
                0x08000f18       0x1c ./Drivers/STM32F4xx_HAL_Driver/Src/stm32f4xx_hal_cortex.o
                0x08000f18                HAL_NVIC_EnableIRQ
 .text.HAL_DMA_Init
                0x08000f34      0x15c ./Drivers/STM32F4xx_HAL_Driver/Src/stm32f4xx_hal_dma.o
                0x08000f34                HAL_DMA_Init
 .text.HAL_DMA_Start_IT
                0x08001090       0xb0 ./Drivers/STM32F4xx_HAL_Driver/Src/stm32f4xx_hal_dma.o
                0x08001090                HAL_DMA_Start_IT
 .text.HAL_DMA_IRQHandler
                0x08001140      0x314 ./Drivers/STM32F4xx_HAL_Driver/Src/stm32f4xx_hal_dma.o
                0x08001140                HAL_DMA_IRQHandler
 .text.DMA_SetConfig
                0x08001454       0x5c ./Drivers/STM32F4xx_HAL_Driver/Src/stm32f4xx_hal_dma.o
 .text.DMA_CalcBaseAndBitshift
                0x080014b0       0x6c ./Drivers/STM32F4xx_HAL_Driver/Src/stm32f4xx_hal_dma.o
 .text.DMA_CheckFifoParam
                0x0800151c       0xf8 ./Drivers/STM32F4xx_HAL_Driver/Src/stm32f4xx_hal_dma.o
 .text.HAL_GPIO_Init
                0x08001614      0x308 ./Drivers/STM32F4xx_HAL_Driver/Src/stm32f4xx_hal_gpio.o
                0x08001614                HAL_GPIO_Init
 .text.HAL_GPIO_ReadPin
                0x0800191c       0x30 ./Drivers/STM32F4xx_HAL_Driver/Src/stm32f4xx_hal_gpio.o
                0x0800191c                HAL_GPIO_ReadPin
 .text.HAL_GPIO_WritePin
                0x0800194c       0x32 ./Drivers/STM32F4xx_HAL_Driver/Src/stm32f4xx_hal_gpio.o
                0x0800194c                HAL_GPIO_WritePin
 *fill*         0x0800197e        0x2 
 .text.HAL_RCC_OscConfig
                0x08001980      0x4f0 ./Drivers/STM32F4xx_HAL_Driver/Src/stm32f4xx_hal_rcc.o
                0x08001980                HAL_RCC_OscConfig
 .text.HAL_RCC_ClockConfig
                0x08001e70      0x1cc ./Drivers/STM32F4xx_HAL_Driver/Src/stm32f4xx_hal_rcc.o
                0x08001e70                HAL_RCC_ClockConfig
 .text.HAL_RCC_GetSysClockFreq
                0x0800203c      0x20c ./Drivers/STM32F4xx_HAL_Driver/Src/stm32f4xx_hal_rcc.o
                0x0800203c                HAL_RCC_GetSysClockFreq
 .text.HAL_RCC_GetHCLKFreq
                0x08002248       0x18 ./Drivers/STM32F4xx_HAL_Driver/Src/stm32f4xx_hal_rcc.o
                0x08002248                HAL_RCC_GetHCLKFreq
 .text.HAL_RCC_GetPCLK1Freq
                0x08002260       0x28 ./Drivers/STM32F4xx_HAL_Driver/Src/stm32f4xx_hal_rcc.o
                0x08002260                HAL_RCC_GetPCLK1Freq
 .text.HAL_RCC_GetPCLK2Freq
                0x08002288       0x28 ./Drivers/STM32F4xx_HAL_Driver/Src/stm32f4xx_hal_rcc.o
                0x08002288                HAL_RCC_GetPCLK2Freq
 .text.HAL_RCC_GetClockConfig
                0x080022b0       0x64 ./Drivers/STM32F4xx_HAL_Driver/Src/stm32f4xx_hal_rcc.o
                0x080022b0                HAL_RCC_GetClockConfig
 .text.HAL_TIM_Base_Init
                0x08002314       0x9e ./Drivers/STM32F4xx_HAL_Driver/Src/stm32f4xx_hal_tim.o
                0x08002314                HAL_TIM_Base_Init
 .text.HAL_TIM_Base_MspInit
                0x080023b2       0x14 ./Drivers/STM32F4xx_HAL_Driver/Src/stm32f4xx_hal_tim.o
                0x080023b2                HAL_TIM_Base_MspInit
 *fill*         0x080023c6        0x2 
 .text.HAL_TIM_Base_Start_IT
                0x080023c8       0xc4 ./Drivers/STM32F4xx_HAL_Driver/Src/stm32f4xx_hal_tim.o
                0x080023c8                HAL_TIM_Base_Start_IT
 .text.HAL_TIM_IRQHandler
                0x0800248c      0x1e0 ./Drivers/STM32F4xx_HAL_Driver/Src/stm32f4xx_hal_tim.o
                0x0800248c                HAL_TIM_IRQHandler
 .text.HAL_TIM_OC_DelayElapsedCallback
                0x0800266c       0x14 ./Drivers/STM32F4xx_HAL_Driver/Src/stm32f4xx_hal_tim.o
                0x0800266c                HAL_TIM_OC_DelayElapsedCallback
 .text.HAL_TIM_IC_CaptureCallback
                0x08002680       0x14 ./Drivers/STM32F4xx_HAL_Driver/Src/stm32f4xx_hal_tim.o
                0x08002680                HAL_TIM_IC_CaptureCallback
 .text.HAL_TIM_PWM_PulseFinishedCallback
                0x08002694       0x14 ./Drivers/STM32F4xx_HAL_Driver/Src/stm32f4xx_hal_tim.o
                0x08002694                HAL_TIM_PWM_PulseFinishedCallback
 .text.HAL_TIM_TriggerCallback
                0x080026a8       0x14 ./Drivers/STM32F4xx_HAL_Driver/Src/stm32f4xx_hal_tim.o
                0x080026a8                HAL_TIM_TriggerCallback
 .text.TIM_Base_SetConfig
                0x080026bc      0x118 ./Drivers/STM32F4xx_HAL_Driver/Src/stm32f4xx_hal_tim.o
                0x080026bc                TIM_Base_SetConfig
 .text.HAL_TIMEx_CommutCallback
                0x080027d4       0x14 ./Drivers/STM32F4xx_HAL_Driver/Src/stm32f4xx_hal_tim_ex.o
                0x080027d4                HAL_TIMEx_CommutCallback
 .text.HAL_TIMEx_BreakCallback
                0x080027e8       0x14 ./Drivers/STM32F4xx_HAL_Driver/Src/stm32f4xx_hal_tim_ex.o
                0x080027e8                HAL_TIMEx_BreakCallback
 .text.HAL_UART_Init
                0x080027fc       0xa0 ./Drivers/STM32F4xx_HAL_Driver/Src/stm32f4xx_hal_uart.o
                0x080027fc                HAL_UART_Init
 .text.HAL_UART_Receive_DMA
                0x0800289c       0x4a ./Drivers/STM32F4xx_HAL_Driver/Src/stm32f4xx_hal_uart.o
                0x0800289c                HAL_UART_Receive_DMA
 .text.HAL_UART_RxCpltCallback
                0x080028e6       0x14 ./Drivers/STM32F4xx_HAL_Driver/Src/stm32f4xx_hal_uart.o
                0x080028e6                HAL_UART_RxCpltCallback
 .text.HAL_UART_RxHalfCpltCallback
                0x080028fa       0x14 ./Drivers/STM32F4xx_HAL_Driver/Src/stm32f4xx_hal_uart.o
                0x080028fa                HAL_UART_RxHalfCpltCallback
 .text.HAL_UART_ErrorCallback
                0x0800290e       0x14 ./Drivers/STM32F4xx_HAL_Driver/Src/stm32f4xx_hal_uart.o
                0x0800290e                HAL_UART_ErrorCallback
 .text.HAL_UARTEx_RxEventCallback
                0x08002922       0x18 ./Drivers/STM32F4xx_HAL_Driver/Src/stm32f4xx_hal_uart.o
                0x08002922                HAL_UARTEx_RxEventCallback
 .text.UART_DMAReceiveCplt
                0x0800293a      0x12c ./Drivers/STM32F4xx_HAL_Driver/Src/stm32f4xx_hal_uart.o
 .text.UART_DMARxHalfCplt
                0x08002a66       0x3c ./Drivers/STM32F4xx_HAL_Driver/Src/stm32f4xx_hal_uart.o
 .text.UART_DMAError
                0x08002aa2       0x94 ./Drivers/STM32F4xx_HAL_Driver/Src/stm32f4xx_hal_uart.o
 *fill*         0x08002b36        0x2 
 .text.UART_Start_Receive_DMA
                0x08002b38      0x134 ./Drivers/STM32F4xx_HAL_Driver/Src/stm32f4xx_hal_uart.o
                0x08002b38                UART_Start_Receive_DMA
 .text.UART_EndTxTransfer
                0x08002c6c       0x50 ./Drivers/STM32F4xx_HAL_Driver/Src/stm32f4xx_hal_uart.o
 .text.UART_EndRxTransfer
                0x08002cbc       0xc6 ./Drivers/STM32F4xx_HAL_Driver/Src/stm32f4xx_hal_uart.o
 *fill*         0x08002d82        0x2 
 .text.UART_SetConfig
                0x08002d84      0x4e8 ./Drivers/STM32F4xx_HAL_Driver/Src/stm32f4xx_hal_uart.o
 .text.__NVIC_SetPriority
                0x0800326c       0x54 ./Middlewares/Third_Party/FreeRTOS/Source/CMSIS_RTOS_V2/cmsis_os2.o
 .text.SysTick_Handler
                0x080032c0       0x20 ./Middlewares/Third_Party/FreeRTOS/Source/CMSIS_RTOS_V2/cmsis_os2.o
                0x080032c0                SysTick_Handler
 .text.SVC_Setup
                0x080032e0       0x12 ./Middlewares/Third_Party/FreeRTOS/Source/CMSIS_RTOS_V2/cmsis_os2.o
 *fill*         0x080032f2        0x2 
 .text.osKernelInitialize
                0x080032f4       0x48 ./Middlewares/Third_Party/FreeRTOS/Source/CMSIS_RTOS_V2/cmsis_os2.o
                0x080032f4                osKernelInitialize
 .text.osKernelStart
                0x0800333c       0x4c ./Middlewares/Third_Party/FreeRTOS/Source/CMSIS_RTOS_V2/cmsis_os2.o
                0x0800333c                osKernelStart
 .text.osThreadNew
                0x08003388      0x124 ./Middlewares/Third_Party/FreeRTOS/Source/CMSIS_RTOS_V2/cmsis_os2.o
                0x08003388                osThreadNew
 .text.osDelay  0x080034ac       0x36 ./Middlewares/Third_Party/FreeRTOS/Source/CMSIS_RTOS_V2/cmsis_os2.o
                0x080034ac                osDelay
 *fill*         0x080034e2        0x2 
 .text.vApplicationGetIdleTaskMemory
                0x080034e4       0x34 ./Middlewares/Third_Party/FreeRTOS/Source/CMSIS_RTOS_V2/cmsis_os2.o
                0x080034e4                vApplicationGetIdleTaskMemory
 .text.vApplicationGetTimerTaskMemory
                0x08003518       0x34 ./Middlewares/Third_Party/FreeRTOS/Source/CMSIS_RTOS_V2/cmsis_os2.o
                0x08003518                vApplicationGetTimerTaskMemory
 .text.vListInitialise
                0x0800354c       0x40 ./Middlewares/Third_Party/FreeRTOS/Source/list.o
                0x0800354c                vListInitialise
 .text.vListInitialiseItem
                0x0800358c       0x1a ./Middlewares/Third_Party/FreeRTOS/Source/list.o
                0x0800358c                vListInitialiseItem
 .text.vListInsertEnd
                0x080035a6       0x48 ./Middlewares/Third_Party/FreeRTOS/Source/list.o
                0x080035a6                vListInsertEnd
 .text.vListInsert
                0x080035ee       0x72 ./Middlewares/Third_Party/FreeRTOS/Source/list.o
                0x080035ee                vListInsert
 .text.uxListRemove
                0x08003660       0x54 ./Middlewares/Third_Party/FreeRTOS/Source/list.o
                0x08003660                uxListRemove
 .text.xQueueGenericReset
                0x080036b4       0xd4 ./Middlewares/Third_Party/FreeRTOS/Source/queue.o
                0x080036b4                xQueueGenericReset
 .text.xQueueGenericCreateStatic
                0x08003788       0xfa ./Middlewares/Third_Party/FreeRTOS/Source/queue.o
                0x08003788                xQueueGenericCreateStatic
 .text.prvInitialiseNewQueue
                0x08003882       0x46 ./Middlewares/Third_Party/FreeRTOS/Source/queue.o
 .text.xQueueGenericSend
                0x080038c8      0x204 ./Middlewares/Third_Party/FreeRTOS/Source/queue.o
                0x080038c8                xQueueGenericSend
 .text.xQueueGenericSendFromISR
                0x08003acc      0x13c ./Middlewares/Third_Party/FreeRTOS/Source/queue.o
                0x08003acc                xQueueGenericSendFromISR
 .text.xQueueReceive
                0x08003c08      0x1c4 ./Middlewares/Third_Party/FreeRTOS/Source/queue.o
                0x08003c08                xQueueReceive
 .text.prvCopyDataToQueue
                0x08003dcc       0xd4 ./Middlewares/Third_Party/FreeRTOS/Source/queue.o
 .text.prvCopyDataFromQueue
                0x08003ea0       0x4c ./Middlewares/Third_Party/FreeRTOS/Source/queue.o
 .text.prvUnlockQueue
                0x08003eec       0xa4 ./Middlewares/Third_Party/FreeRTOS/Source/queue.o
 .text.prvIsQueueEmpty
                0x08003f90       0x2c ./Middlewares/Third_Party/FreeRTOS/Source/queue.o
 .text.prvIsQueueFull
                0x08003fbc       0x30 ./Middlewares/Third_Party/FreeRTOS/Source/queue.o
 .text.vQueueAddToRegistry
                0x08003fec       0x54 ./Middlewares/Third_Party/FreeRTOS/Source/queue.o
                0x08003fec                vQueueAddToRegistry
 .text.vQueueWaitForMessageRestricted
                0x08004040       0x68 ./Middlewares/Third_Party/FreeRTOS/Source/queue.o
                0x08004040                vQueueWaitForMessageRestricted
 .text.xTaskCreateStatic
                0x080040a8       0xc0 ./Middlewares/Third_Party/FreeRTOS/Source/tasks.o
                0x080040a8                xTaskCreateStatic
 .text.xTaskCreate
                0x08004168       0x8a ./Middlewares/Third_Party/FreeRTOS/Source/tasks.o
                0x08004168                xTaskCreate
 *fill*         0x080041f2        0x2 
 .text.prvInitialiseNewTask
                0x080041f4      0x150 ./Middlewares/Third_Party/FreeRTOS/Source/tasks.o
 .text.prvAddNewTaskToReadyList
                0x08004344       0xe0 ./Middlewares/Third_Party/FreeRTOS/Source/tasks.o
 .text.vTaskDelay
                0x08004424       0x6c ./Middlewares/Third_Party/FreeRTOS/Source/tasks.o
                0x08004424                vTaskDelay
 .text.vTaskStartScheduler
                0x08004490       0xe0 ./Middlewares/Third_Party/FreeRTOS/Source/tasks.o
                0x08004490                vTaskStartScheduler
 .text.vTaskSuspendAll
                0x08004570       0x1c ./Middlewares/Third_Party/FreeRTOS/Source/tasks.o
                0x08004570                vTaskSuspendAll
 .text.xTaskResumeAll
                0x0800458c      0x13c ./Middlewares/Third_Party/FreeRTOS/Source/tasks.o
                0x0800458c                xTaskResumeAll
 .text.xTaskGetTickCount
                0x080046c8       0x20 ./Middlewares/Third_Party/FreeRTOS/Source/tasks.o
                0x080046c8                xTaskGetTickCount
 .text.xTaskIncrementTick
                0x080046e8      0x174 ./Middlewares/Third_Party/FreeRTOS/Source/tasks.o
                0x080046e8                xTaskIncrementTick
 .text.vTaskSwitchContext
                0x0800485c       0xcc ./Middlewares/Third_Party/FreeRTOS/Source/tasks.o
                0x0800485c                vTaskSwitchContext
 .text.vTaskPlaceOnEventList
                0x08004928       0x4c ./Middlewares/Third_Party/FreeRTOS/Source/tasks.o
                0x08004928                vTaskPlaceOnEventList
 .text.vTaskPlaceOnEventListRestricted
                0x08004974       0x58 ./Middlewares/Third_Party/FreeRTOS/Source/tasks.o
                0x08004974                vTaskPlaceOnEventListRestricted
 .text.xTaskRemoveFromEventList
                0x080049cc       0xc8 ./Middlewares/Third_Party/FreeRTOS/Source/tasks.o
                0x080049cc                xTaskRemoveFromEventList
 .text.vTaskInternalSetTimeOutState
                0x08004a94       0x2c ./Middlewares/Third_Party/FreeRTOS/Source/tasks.o
                0x08004a94                vTaskInternalSetTimeOutState
 .text.xTaskCheckForTimeOut
                0x08004ac0       0xc8 ./Middlewares/Third_Party/FreeRTOS/Source/tasks.o
                0x08004ac0                xTaskCheckForTimeOut
 .text.vTaskMissedYield
                0x08004b88       0x18 ./Middlewares/Third_Party/FreeRTOS/Source/tasks.o
                0x08004b88                vTaskMissedYield
 .text.prvIdleTask
                0x08004ba0       0x30 ./Middlewares/Third_Party/FreeRTOS/Source/tasks.o
 .text.prvInitialiseTaskLists
                0x08004bd0       0x80 ./Middlewares/Third_Party/FreeRTOS/Source/tasks.o
 .text.prvCheckTasksWaitingTermination
                0x08004c50       0x5c ./Middlewares/Third_Party/FreeRTOS/Source/tasks.o
 .text.prvDeleteTCB
                0x08004cac       0x6a ./Middlewares/Third_Party/FreeRTOS/Source/tasks.o
 *fill*         0x08004d16        0x2 
 .text.prvResetNextTaskUnblockTime
                0x08004d18       0x40 ./Middlewares/Third_Party/FreeRTOS/Source/tasks.o
 .text.xTaskGetSchedulerState
                0x08004d58       0x3c ./Middlewares/Third_Party/FreeRTOS/Source/tasks.o
                0x08004d58                xTaskGetSchedulerState
 .text.xTaskPriorityDisinherit
                0x08004d94       0xe0 ./Middlewares/Third_Party/FreeRTOS/Source/tasks.o
                0x08004d94                xTaskPriorityDisinherit
 .text.prvAddCurrentTaskToDelayedList
                0x08004e74       0xa8 ./Middlewares/Third_Party/FreeRTOS/Source/tasks.o
 .text.xTimerCreateTimerTask
                0x08004f1c       0x94 ./Middlewares/Third_Party/FreeRTOS/Source/timers.o
                0x08004f1c                xTimerCreateTimerTask
 .text.xTimerGenericCommand
                0x08004fb0       0x9c ./Middlewares/Third_Party/FreeRTOS/Source/timers.o
                0x08004fb0                xTimerGenericCommand
 .text.prvProcessExpiredTimer
                0x0800504c       0x9c ./Middlewares/Third_Party/FreeRTOS/Source/timers.o
 .text.prvTimerTask
                0x080050e8       0x26 ./Middlewares/Third_Party/FreeRTOS/Source/timers.o
 *fill*         0x0800510e        0x2 
 .text.prvProcessTimerOrBlockTask
                0x08005110       0x9c ./Middlewares/Third_Party/FreeRTOS/Source/timers.o
 .text.prvGetNextExpireTime
                0x080051ac       0x48 ./Middlewares/Third_Party/FreeRTOS/Source/timers.o
 .text.prvSampleTimeNow
                0x080051f4       0x40 ./Middlewares/Third_Party/FreeRTOS/Source/timers.o
 .text.prvInsertTimerInActiveList
                0x08005234       0x84 ./Middlewares/Third_Party/FreeRTOS/Source/timers.o
 .text.prvProcessReceivedCommands
                0x080052b8      0x1cc ./Middlewares/Third_Party/FreeRTOS/Source/timers.o
 .text.prvSwitchTimerLists
                0x08005484       0xcc ./Middlewares/Third_Party/FreeRTOS/Source/timers.o
 .text.prvCheckForValidListAndQueue
                0x08005550       0x80 ./Middlewares/Third_Party/FreeRTOS/Source/timers.o
 .text.pxPortInitialiseStack
                0x080055d0       0x68 ./Middlewares/Third_Party/FreeRTOS/Source/portable/GCC/ARM_CM4F/port.o
                0x080055d0                pxPortInitialiseStack
 .text.prvTaskExitError
                0x08005638       0x5c ./Middlewares/Third_Party/FreeRTOS/Source/portable/GCC/ARM_CM4F/port.o
 *fill*         0x08005694        0xc 
 .text.SVC_Handler
                0x080056a0       0x28 ./Middlewares/Third_Party/FreeRTOS/Source/portable/GCC/ARM_CM4F/port.o
                0x080056a0                SVC_Handler
 .text.prvPortStartFirstTask
                0x080056c8       0x28 ./Middlewares/Third_Party/FreeRTOS/Source/portable/GCC/ARM_CM4F/port.o
 .text.xPortStartScheduler
                0x080056f0      0x148 ./Middlewares/Third_Party/FreeRTOS/Source/portable/GCC/ARM_CM4F/port.o
                0x080056f0                xPortStartScheduler
 .text.vPortEnterCritical
                0x08005838       0x64 ./Middlewares/Third_Party/FreeRTOS/Source/portable/GCC/ARM_CM4F/port.o
                0x08005838                vPortEnterCritical
 .text.vPortExitCritical
                0x0800589c       0x54 ./Middlewares/Third_Party/FreeRTOS/Source/portable/GCC/ARM_CM4F/port.o
                0x0800589c                vPortExitCritical
 .text.PendSV_Handler
                0x080058f0       0x68 ./Middlewares/Third_Party/FreeRTOS/Source/portable/GCC/ARM_CM4F/port.o
                0x080058f0                PendSV_Handler
 .text.xPortSysTickHandler
                0x08005958       0x44 ./Middlewares/Third_Party/FreeRTOS/Source/portable/GCC/ARM_CM4F/port.o
                0x08005958                xPortSysTickHandler
 .text.vPortSetupTimerInterrupt
                0x0800599c       0x48 ./Middlewares/Third_Party/FreeRTOS/Source/portable/GCC/ARM_CM4F/port.o
                0x0800599c                vPortSetupTimerInterrupt
 .text.vPortEnableVFP
                0x080059e4       0x14 ./Middlewares/Third_Party/FreeRTOS/Source/portable/GCC/ARM_CM4F/port.o
 .text.vPortValidateInterruptPriority
                0x080059f8       0x84 ./Middlewares/Third_Party/FreeRTOS/Source/portable/GCC/ARM_CM4F/port.o
                0x080059f8                vPortValidateInterruptPriority
 .text.pvPortMalloc
                0x08005a7c      0x19c ./Middlewares/Third_Party/FreeRTOS/Source/portable/MemMang/heap_4.o
                0x08005a7c                pvPortMalloc
 .text.vPortFree
                0x08005c18       0xc8 ./Middlewares/Third_Party/FreeRTOS/Source/portable/MemMang/heap_4.o
                0x08005c18                vPortFree
 .text.prvHeapInit
                0x08005ce0       0xc4 ./Middlewares/Third_Party/FreeRTOS/Source/portable/MemMang/heap_4.o
 .text.prvInsertBlockIntoFreeList
                0x08005da4       0xb4 ./Middlewares/Third_Party/FreeRTOS/Source/portable/MemMang/heap_4.o
 .text.apInit   0x08005e58       0x4c ./app/ap.o
                0x08005e58                apInit
 .text.apMain   0x08005ea4       0x20 ./app/ap.o
                0x08005ea4                apMain
 .text.control_step_motor
                0x08005ec4       0xe0 ./app/step_motor.o
                0x08005ec4                control_step_motor
 .text.enter_IN_value
                0x08005fa4       0x58 ./app/step_motor.o
                0x08005fa4                enter_IN_value
 .text.memset   0x08005ffc       0x10 C:/ST/STM32CubeIDE_1.16.0/STM32CubeIDE/plugins/com.st.stm32cube.ide.mcu.externaltools.gnu-tools-for-stm32.12.3.rel1.win32_1.0.200.202406191623/tools/bin/../lib/gcc/arm-none-eabi/12.3.1/../../../../arm-none-eabi/lib/thumb/v7e-m+fp/hard\libc_nano.a(libc_a-memset.o)
                0x08005ffc                memset
 .text._reclaim_reent
                0x0800600c       0xac C:/ST/STM32CubeIDE_1.16.0/STM32CubeIDE/plugins/com.st.stm32cube.ide.mcu.externaltools.gnu-tools-for-stm32.12.3.rel1.win32_1.0.200.202406191623/tools/bin/../lib/gcc/arm-none-eabi/12.3.1/../../../../arm-none-eabi/lib/thumb/v7e-m+fp/hard\libc_nano.a(libc_a-reent.o)
                0x0800600c                _reclaim_reent
 .text.__libc_init_array
                0x080060b8       0x48 C:/ST/STM32CubeIDE_1.16.0/STM32CubeIDE/plugins/com.st.stm32cube.ide.mcu.externaltools.gnu-tools-for-stm32.12.3.rel1.win32_1.0.200.202406191623/tools/bin/../lib/gcc/arm-none-eabi/12.3.1/../../../../arm-none-eabi/lib/thumb/v7e-m+fp/hard\libc_nano.a(libc_a-init.o)
                0x080060b8                __libc_init_array
 .text.__retarget_lock_acquire_recursive
                0x08006100        0x2 C:/ST/STM32CubeIDE_1.16.0/STM32CubeIDE/plugins/com.st.stm32cube.ide.mcu.externaltools.gnu-tools-for-stm32.12.3.rel1.win32_1.0.200.202406191623/tools/bin/../lib/gcc/arm-none-eabi/12.3.1/../../../../arm-none-eabi/lib/thumb/v7e-m+fp/hard\libc_nano.a(libc_a-lock.o)
                0x08006100                __retarget_lock_acquire_recursive
 .text.__retarget_lock_release_recursive
                0x08006102        0x2 C:/ST/STM32CubeIDE_1.16.0/STM32CubeIDE/plugins/com.st.stm32cube.ide.mcu.externaltools.gnu-tools-for-stm32.12.3.rel1.win32_1.0.200.202406191623/tools/bin/../lib/gcc/arm-none-eabi/12.3.1/../../../../arm-none-eabi/lib/thumb/v7e-m+fp/hard\libc_nano.a(libc_a-lock.o)
                0x08006102                __retarget_lock_release_recursive
 .text.memcpy   0x08006104       0x1c C:/ST/STM32CubeIDE_1.16.0/STM32CubeIDE/plugins/com.st.stm32cube.ide.mcu.externaltools.gnu-tools-for-stm32.12.3.rel1.win32_1.0.200.202406191623/tools/bin/../lib/gcc/arm-none-eabi/12.3.1/../../../../arm-none-eabi/lib/thumb/v7e-m+fp/hard\libc_nano.a(libc_a-memcpy-stub.o)
                0x08006104                memcpy
 .text._free_r  0x08006120       0x94 C:/ST/STM32CubeIDE_1.16.0/STM32CubeIDE/plugins/com.st.stm32cube.ide.mcu.externaltools.gnu-tools-for-stm32.12.3.rel1.win32_1.0.200.202406191623/tools/bin/../lib/gcc/arm-none-eabi/12.3.1/../../../../arm-none-eabi/lib/thumb/v7e-m+fp/hard\libc_nano.a(libc_a-freer.o)
                0x08006120                _free_r
 .text.__malloc_lock
                0x080061b4        0xc C:/ST/STM32CubeIDE_1.16.0/STM32CubeIDE/plugins/com.st.stm32cube.ide.mcu.externaltools.gnu-tools-for-stm32.12.3.rel1.win32_1.0.200.202406191623/tools/bin/../lib/gcc/arm-none-eabi/12.3.1/../../../../arm-none-eabi/lib/thumb/v7e-m+fp/hard\libc_nano.a(libc_a-mlock.o)
                0x080061b4                __malloc_lock
 .text.__malloc_unlock
                0x080061c0        0xc C:/ST/STM32CubeIDE_1.16.0/STM32CubeIDE/plugins/com.st.stm32cube.ide.mcu.externaltools.gnu-tools-for-stm32.12.3.rel1.win32_1.0.200.202406191623/tools/bin/../lib/gcc/arm-none-eabi/12.3.1/../../../../arm-none-eabi/lib/thumb/v7e-m+fp/hard\libc_nano.a(libc_a-mlock.o)
                0x080061c0                __malloc_unlock
 *(.glue_7)
 .glue_7        0x080061cc        0x0 linker stubs
 *(.glue_7t)
 .glue_7t       0x080061cc        0x0 linker stubs
 *(.eh_frame)
 .eh_frame      0x080061cc        0x0 C:/ST/STM32CubeIDE_1.16.0/STM32CubeIDE/plugins/com.st.stm32cube.ide.mcu.externaltools.gnu-tools-for-stm32.12.3.rel1.win32_1.0.200.202406191623/tools/bin/../lib/gcc/arm-none-eabi/12.3.1/thumb/v7e-m+fp/hard/crtbegin.o
 *(.init)
 .init          0x080061cc        0x4 C:/ST/STM32CubeIDE_1.16.0/STM32CubeIDE/plugins/com.st.stm32cube.ide.mcu.externaltools.gnu-tools-for-stm32.12.3.rel1.win32_1.0.200.202406191623/tools/bin/../lib/gcc/arm-none-eabi/12.3.1/thumb/v7e-m+fp/hard/crti.o
                0x080061cc                _init
 .init          0x080061d0        0x8 C:/ST/STM32CubeIDE_1.16.0/STM32CubeIDE/plugins/com.st.stm32cube.ide.mcu.externaltools.gnu-tools-for-stm32.12.3.rel1.win32_1.0.200.202406191623/tools/bin/../lib/gcc/arm-none-eabi/12.3.1/thumb/v7e-m+fp/hard/crtn.o
 *(.fini)
 .fini          0x080061d8        0x4 C:/ST/STM32CubeIDE_1.16.0/STM32CubeIDE/plugins/com.st.stm32cube.ide.mcu.externaltools.gnu-tools-for-stm32.12.3.rel1.win32_1.0.200.202406191623/tools/bin/../lib/gcc/arm-none-eabi/12.3.1/thumb/v7e-m+fp/hard/crti.o
                0x080061d8                _fini
 .fini          0x080061dc        0x8 C:/ST/STM32CubeIDE_1.16.0/STM32CubeIDE/plugins/com.st.stm32cube.ide.mcu.externaltools.gnu-tools-for-stm32.12.3.rel1.win32_1.0.200.202406191623/tools/bin/../lib/gcc/arm-none-eabi/12.3.1/thumb/v7e-m+fp/hard/crtn.o
                0x080061e4                        . = ALIGN (0x4)
                0x080061e4                        _etext = .

.vfp11_veneer   0x080061e4        0x0
 .vfp11_veneer  0x080061e4        0x0 linker stubs

.v4_bx          0x080061e4        0x0
 .v4_bx         0x080061e4        0x0 linker stubs

.iplt           0x080061e4        0x0
 .iplt          0x080061e4        0x0 C:/ST/STM32CubeIDE_1.16.0/STM32CubeIDE/plugins/com.st.stm32cube.ide.mcu.externaltools.gnu-tools-for-stm32.12.3.rel1.win32_1.0.200.202406191623/tools/bin/../lib/gcc/arm-none-eabi/12.3.1/thumb/v7e-m+fp/hard/crtbegin.o

.rodata         0x080061e4       0xe0
                0x080061e4                        . = ALIGN (0x4)
 *(.rodata)
 .rodata        0x080061e4       0x1a ./Core/Src/freertos.o
 *fill*         0x080061fe        0x2 
 .rodata        0x08006200        0x5 ./Middlewares/Third_Party/FreeRTOS/Source/tasks.o
 *fill*         0x08006205        0x3 
 .rodata        0x08006208        0xd ./Middlewares/Third_Party/FreeRTOS/Source/timers.o
 *fill*         0x08006215        0x3 
 .rodata        0x08006218       0x20 ./app/step_motor.o
 *(.rodata*)
 .rodata.defaultTask_attributes
                0x08006238       0x24 ./Core/Src/freertos.o
                0x08006238                defaultTask_attributes
 .rodata.Senseor_attributes
                0x0800625c       0x24 ./Core/Src/freertos.o
                0x0800625c                Senseor_attributes
 .rodata.Motor_attributes
                0x08006280       0x24 ./Core/Src/freertos.o
                0x08006280                Motor_attributes
 .rodata.AHBPrescTable
                0x080062a4       0x10 ./Core/Src/system_stm32f4xx.o
                0x080062a4                AHBPrescTable
 .rodata.APBPrescTable
                0x080062b4        0x8 ./Core/Src/system_stm32f4xx.o
                0x080062b4                APBPrescTable
 .rodata.flagBitshiftOffset.0
                0x080062bc        0x8 ./Drivers/STM32F4xx_HAL_Driver/Src/stm32f4xx_hal_dma.o
                0x080062c4                        . = ALIGN (0x4)

.ARM.extab      0x080062c4        0x0
                0x080062c4                        . = ALIGN (0x4)
 *(.ARM.extab* .gnu.linkonce.armextab.*)
                0x080062c4                        . = ALIGN (0x4)

.ARM            0x080062c4        0x8
                0x080062c4                        . = ALIGN (0x4)
                0x080062c4                        __exidx_start = .
 *(.ARM.exidx*)
 .ARM.exidx     0x080062c4        0x8 C:/ST/STM32CubeIDE_1.16.0/STM32CubeIDE/plugins/com.st.stm32cube.ide.mcu.externaltools.gnu-tools-for-stm32.12.3.rel1.win32_1.0.200.202406191623/tools/bin/../lib/gcc/arm-none-eabi/12.3.1/thumb/v7e-m+fp/hard\libgcc.a(_udivmoddi4.o)
                0x080062cc                        __exidx_end = .
                0x080062cc                        . = ALIGN (0x4)

.preinit_array  0x080062cc        0x0
                0x080062cc                        . = ALIGN (0x4)
                0x080062cc                        PROVIDE (__preinit_array_start = .)
 *(.preinit_array*)
                0x080062cc                        PROVIDE (__preinit_array_end = .)
                0x080062cc                        . = ALIGN (0x4)

.init_array     0x080062cc        0x4
                0x080062cc                        . = ALIGN (0x4)
                0x080062cc                        PROVIDE (__init_array_start = .)
 *(SORT_BY_NAME(.init_array.*))
 *(.init_array*)
 .init_array    0x080062cc        0x4 C:/ST/STM32CubeIDE_1.16.0/STM32CubeIDE/plugins/com.st.stm32cube.ide.mcu.externaltools.gnu-tools-for-stm32.12.3.rel1.win32_1.0.200.202406191623/tools/bin/../lib/gcc/arm-none-eabi/12.3.1/thumb/v7e-m+fp/hard/crtbegin.o
                0x080062d0                        PROVIDE (__init_array_end = .)
                0x080062d0                        . = ALIGN (0x4)

.fini_array     0x080062d0        0x4
                0x080062d0                        . = ALIGN (0x4)
                [!provide]                        PROVIDE (__fini_array_start = .)
 *(SORT_BY_NAME(.fini_array.*))
 *(.fini_array*)
 .fini_array    0x080062d0        0x4 C:/ST/STM32CubeIDE_1.16.0/STM32CubeIDE/plugins/com.st.stm32cube.ide.mcu.externaltools.gnu-tools-for-stm32.12.3.rel1.win32_1.0.200.202406191623/tools/bin/../lib/gcc/arm-none-eabi/12.3.1/thumb/v7e-m+fp/hard/crtbegin.o
                [!provide]                        PROVIDE (__fini_array_end = .)
                0x080062d4                        . = ALIGN (0x4)
                0x080062d4                        _sidata = LOADADDR (.data)

.rel.dyn        0x080062d4        0x0
 .rel.iplt      0x080062d4        0x0 C:/ST/STM32CubeIDE_1.16.0/STM32CubeIDE/plugins/com.st.stm32cube.ide.mcu.externaltools.gnu-tools-for-stm32.12.3.rel1.win32_1.0.200.202406191623/tools/bin/../lib/gcc/arm-none-eabi/12.3.1/thumb/v7e-m+fp/hard/crtbegin.o

.data           0x20000000       0x64 load address 0x080062d4
                0x20000000                        . = ALIGN (0x4)
                0x20000000                        _sdata = .
 *(.data)
 *(.data*)
 .data.SystemCoreClock
                0x20000000        0x4 ./Core/Src/system_stm32f4xx.o
                0x20000000                SystemCoreClock
 .data.uwTickPrio
                0x20000004        0x4 ./Drivers/STM32F4xx_HAL_Driver/Src/stm32f4xx_hal.o
                0x20000004                uwTickPrio
 .data.uwTickFreq
                0x20000008        0x1 ./Drivers/STM32F4xx_HAL_Driver/Src/stm32f4xx_hal.o
                0x20000008                uwTickFreq
 *fill*         0x20000009        0x3 
 .data.uxCriticalNesting
                0x2000000c        0x4 ./Middlewares/Third_Party/FreeRTOS/Source/portable/GCC/ARM_CM4F/port.o
 .data.delay_time.0
                0x20000010        0x2 ./app/step_motor.o
 *fill*         0x20000012        0x2 
 .data._impure_ptr
                0x20000014        0x4 C:/ST/STM32CubeIDE_1.16.0/STM32CubeIDE/plugins/com.st.stm32cube.ide.mcu.externaltools.gnu-tools-for-stm32.12.3.rel1.win32_1.0.200.202406191623/tools/bin/../lib/gcc/arm-none-eabi/12.3.1/../../../../arm-none-eabi/lib/thumb/v7e-m+fp/hard\libc_nano.a(libc_a-impure.o)
                0x20000014                _impure_ptr
 .data._impure_data
                0x20000018       0x4c C:/ST/STM32CubeIDE_1.16.0/STM32CubeIDE/plugins/com.st.stm32cube.ide.mcu.externaltools.gnu-tools-for-stm32.12.3.rel1.win32_1.0.200.202406191623/tools/bin/../lib/gcc/arm-none-eabi/12.3.1/../../../../arm-none-eabi/lib/thumb/v7e-m+fp/hard\libc_nano.a(libc_a-impure.o)
                0x20000018                _impure_data
 *(.RamFunc)
 *(.RamFunc*)
                0x20000064                        . = ALIGN (0x4)
                0x20000064                        _edata = .

.igot.plt       0x20000064        0x0 load address 0x08006338
 .igot.plt      0x20000064        0x0 C:/ST/STM32CubeIDE_1.16.0/STM32CubeIDE/plugins/com.st.stm32cube.ide.mcu.externaltools.gnu-tools-for-stm32.12.3.rel1.win32_1.0.200.202406191623/tools/bin/../lib/gcc/arm-none-eabi/12.3.1/thumb/v7e-m+fp/hard/crtbegin.o
                0x20000064                        . = ALIGN (0x4)

.bss            0x20000064     0x4cb0 load address 0x08006338
                0x20000064                        _sbss = .
                0x20000064                        __bss_start__ = _sbss
 *(.bss)
 .bss           0x20000064       0x1c C:/ST/STM32CubeIDE_1.16.0/STM32CubeIDE/plugins/com.st.stm32cube.ide.mcu.externaltools.gnu-tools-for-stm32.12.3.rel1.win32_1.0.200.202406191623/tools/bin/../lib/gcc/arm-none-eabi/12.3.1/thumb/v7e-m+fp/hard/crtbegin.o
 *(.bss*)
 .bss.target_floor
                0x20000080        0x1 ./Core/Src/freertos.o
                0x20000080                target_floor
 .bss.up_down   0x20000081        0x1 ./Core/Src/freertos.o
                0x20000081                up_down
 .bss.target_floor_sensor
                0x20000082        0x1 ./Core/Src/freertos.o
                0x20000082                target_floor_sensor
 *fill*         0x20000083        0x1 
 .bss.defaultTaskHandle
                0x20000084        0x4 ./Core/Src/freertos.o
                0x20000084                defaultTaskHandle
 .bss.SenseorHandle
                0x20000088        0x4 ./Core/Src/freertos.o
                0x20000088                SenseorHandle
 .bss.MotorHandle
                0x2000008c        0x4 ./Core/Src/freertos.o
                0x2000008c                MotorHandle
 .bss.htim11    0x20000090       0x48 ./Core/Src/stm32f4xx_hal_timebase_tim.o
                0x20000090                htim11
 .bss.huart1    0x200000d8       0x48 ./Core/Src/usart.o
                0x200000d8                huart1
 .bss.hdma_usart1_rx
                0x20000120       0x60 ./Core/Src/usart.o
                0x20000120                hdma_usart1_rx
 .bss.hdma_usart1_tx
                0x20000180       0x60 ./Core/Src/usart.o
                0x20000180                hdma_usart1_tx
 .bss.uwTick    0x200001e0        0x4 ./Drivers/STM32F4xx_HAL_Driver/Src/stm32f4xx_hal.o
                0x200001e0                uwTick
 .bss.KernelState
                0x200001e4        0x4 ./Middlewares/Third_Party/FreeRTOS/Source/CMSIS_RTOS_V2/cmsis_os2.o
 .bss.Idle_TCB.3
                0x200001e8       0xa8 ./Middlewares/Third_Party/FreeRTOS/Source/CMSIS_RTOS_V2/cmsis_os2.o
 .bss.Idle_Stack.2
                0x20000290      0x200 ./Middlewares/Third_Party/FreeRTOS/Source/CMSIS_RTOS_V2/cmsis_os2.o
 .bss.Timer_TCB.1
                0x20000490       0xa8 ./Middlewares/Third_Party/FreeRTOS/Source/CMSIS_RTOS_V2/cmsis_os2.o
 .bss.Timer_Stack.0
                0x20000538      0x400 ./Middlewares/Third_Party/FreeRTOS/Source/CMSIS_RTOS_V2/cmsis_os2.o
 .bss.xQueueRegistry
                0x20000938       0x40 ./Middlewares/Third_Party/FreeRTOS/Source/queue.o
                0x20000938                xQueueRegistry
 .bss.pxCurrentTCB
                0x20000978        0x4 ./Middlewares/Third_Party/FreeRTOS/Source/tasks.o
                0x20000978                pxCurrentTCB
 .bss.pxReadyTasksLists
                0x2000097c      0x460 ./Middlewares/Third_Party/FreeRTOS/Source/tasks.o
 .bss.xDelayedTaskList1
                0x20000ddc       0x14 ./Middlewares/Third_Party/FreeRTOS/Source/tasks.o
 .bss.xDelayedTaskList2
                0x20000df0       0x14 ./Middlewares/Third_Party/FreeRTOS/Source/tasks.o
 .bss.pxDelayedTaskList
                0x20000e04        0x4 ./Middlewares/Third_Party/FreeRTOS/Source/tasks.o
 .bss.pxOverflowDelayedTaskList
                0x20000e08        0x4 ./Middlewares/Third_Party/FreeRTOS/Source/tasks.o
 .bss.xPendingReadyList
                0x20000e0c       0x14 ./Middlewares/Third_Party/FreeRTOS/Source/tasks.o
 .bss.xTasksWaitingTermination
                0x20000e20       0x14 ./Middlewares/Third_Party/FreeRTOS/Source/tasks.o
 .bss.uxDeletedTasksWaitingCleanUp
                0x20000e34        0x4 ./Middlewares/Third_Party/FreeRTOS/Source/tasks.o
 .bss.xSuspendedTaskList
                0x20000e38       0x14 ./Middlewares/Third_Party/FreeRTOS/Source/tasks.o
 .bss.uxCurrentNumberOfTasks
                0x20000e4c        0x4 ./Middlewares/Third_Party/FreeRTOS/Source/tasks.o
 .bss.xTickCount
                0x20000e50        0x4 ./Middlewares/Third_Party/FreeRTOS/Source/tasks.o
 .bss.uxTopReadyPriority
                0x20000e54        0x4 ./Middlewares/Third_Party/FreeRTOS/Source/tasks.o
 .bss.xSchedulerRunning
                0x20000e58        0x4 ./Middlewares/Third_Party/FreeRTOS/Source/tasks.o
 .bss.xPendedTicks
                0x20000e5c        0x4 ./Middlewares/Third_Party/FreeRTOS/Source/tasks.o
 .bss.xYieldPending
                0x20000e60        0x4 ./Middlewares/Third_Party/FreeRTOS/Source/tasks.o
 .bss.xNumOfOverflows
                0x20000e64        0x4 ./Middlewares/Third_Party/FreeRTOS/Source/tasks.o
 .bss.uxTaskNumber
                0x20000e68        0x4 ./Middlewares/Third_Party/FreeRTOS/Source/tasks.o
 .bss.xNextTaskUnblockTime
                0x20000e6c        0x4 ./Middlewares/Third_Party/FreeRTOS/Source/tasks.o
 .bss.xIdleTaskHandle
                0x20000e70        0x4 ./Middlewares/Third_Party/FreeRTOS/Source/tasks.o
 .bss.uxSchedulerSuspended
                0x20000e74        0x4 ./Middlewares/Third_Party/FreeRTOS/Source/tasks.o
 .bss.xActiveTimerList1
                0x20000e78       0x14 ./Middlewares/Third_Party/FreeRTOS/Source/timers.o
 .bss.xActiveTimerList2
                0x20000e8c       0x14 ./Middlewares/Third_Party/FreeRTOS/Source/timers.o
 .bss.pxCurrentTimerList
                0x20000ea0        0x4 ./Middlewares/Third_Party/FreeRTOS/Source/timers.o
 .bss.pxOverflowTimerList
                0x20000ea4        0x4 ./Middlewares/Third_Party/FreeRTOS/Source/timers.o
 .bss.xTimerQueue
                0x20000ea8        0x4 ./Middlewares/Third_Party/FreeRTOS/Source/timers.o
 .bss.xTimerTaskHandle
                0x20000eac        0x4 ./Middlewares/Third_Party/FreeRTOS/Source/timers.o
 .bss.xLastTime.2
                0x20000eb0        0x4 ./Middlewares/Third_Party/FreeRTOS/Source/timers.o
 .bss.ucStaticTimerQueueStorage.1
                0x20000eb4       0xa0 ./Middlewares/Third_Party/FreeRTOS/Source/timers.o
 .bss.xStaticTimerQueue.0
                0x20000f54       0x50 ./Middlewares/Third_Party/FreeRTOS/Source/timers.o
 .bss.ucMaxSysCallPriority
                0x20000fa4        0x1 ./Middlewares/Third_Party/FreeRTOS/Source/portable/GCC/ARM_CM4F/port.o
 *fill*         0x20000fa5        0x3 
 .bss.ulMaxPRIGROUPValue
                0x20000fa8        0x4 ./Middlewares/Third_Party/FreeRTOS/Source/portable/GCC/ARM_CM4F/port.o
 .bss.ucHeap    0x20000fac     0x3c00 ./Middlewares/Third_Party/FreeRTOS/Source/portable/MemMang/heap_4.o
 .bss.xStart    0x20004bac        0x8 ./Middlewares/Third_Party/FreeRTOS/Source/portable/MemMang/heap_4.o
 .bss.pxEnd     0x20004bb4        0x4 ./Middlewares/Third_Party/FreeRTOS/Source/portable/MemMang/heap_4.o
 .bss.xFreeBytesRemaining
                0x20004bb8        0x4 ./Middlewares/Third_Party/FreeRTOS/Source/portable/MemMang/heap_4.o
 .bss.xMinimumEverFreeBytesRemaining
                0x20004bbc        0x4 ./Middlewares/Third_Party/FreeRTOS/Source/portable/MemMang/heap_4.o
 .bss.xNumberOfSuccessfulAllocations
                0x20004bc0        0x4 ./Middlewares/Third_Party/FreeRTOS/Source/portable/MemMang/heap_4.o
 .bss.xNumberOfSuccessfulFrees
                0x20004bc4        0x4 ./Middlewares/Third_Party/FreeRTOS/Source/portable/MemMang/heap_4.o
 .bss.xBlockAllocatedBit
                0x20004bc8        0x4 ./Middlewares/Third_Party/FreeRTOS/Source/portable/MemMang/heap_4.o
 .bss.receive_data
                0x20004bcc        0x1 ./app/ap.o
                0x20004bcc                receive_data
 .bss.current_floor
                0x20004bcd        0x1 ./app/ap.o
                0x20004bcd                current_floor
 *fill*         0x20004bce        0x2 
 .bss.board_index.1
                0x20004bd0        0x4 ./app/step_motor.o
 .bss.__sf      0x20004bd4      0x138 C:/ST/STM32CubeIDE_1.16.0/STM32CubeIDE/plugins/com.st.stm32cube.ide.mcu.externaltools.gnu-tools-for-stm32.12.3.rel1.win32_1.0.200.202406191623/tools/bin/../lib/gcc/arm-none-eabi/12.3.1/../../../../arm-none-eabi/lib/thumb/v7e-m+fp/hard\libc_nano.a(libc_a-findfp.o)
                0x20004bd4                __sf
 .bss.__lock___malloc_recursive_mutex
                0x20004d0c        0x1 C:/ST/STM32CubeIDE_1.16.0/STM32CubeIDE/plugins/com.st.stm32cube.ide.mcu.externaltools.gnu-tools-for-stm32.12.3.rel1.win32_1.0.200.202406191623/tools/bin/../lib/gcc/arm-none-eabi/12.3.1/../../../../arm-none-eabi/lib/thumb/v7e-m+fp/hard\libc_nano.a(libc_a-lock.o)
                0x20004d0c                __lock___malloc_recursive_mutex
 *fill*         0x20004d0d        0x3 
 .bss.__malloc_free_list
                0x20004d10        0x4 C:/ST/STM32CubeIDE_1.16.0/STM32CubeIDE/plugins/com.st.stm32cube.ide.mcu.externaltools.gnu-tools-for-stm32.12.3.rel1.win32_1.0.200.202406191623/tools/bin/../lib/gcc/arm-none-eabi/12.3.1/../../../../arm-none-eabi/lib/thumb/v7e-m+fp/hard\libc_nano.a(libc_a-mallocr.o)
                0x20004d10                __malloc_free_list
 *(COMMON)
                0x20004d14                        . = ALIGN (0x4)
                0x20004d14                        _ebss = .
                0x20004d14                        __bss_end__ = _ebss

._user_heap_stack
                0x20004d14      0x604 load address 0x08006338
                0x20004d18                        . = ALIGN (0x8)
 *fill*         0x20004d14        0x4 
                [!provide]                        PROVIDE (end = .)
                0x20004d18                        PROVIDE (_end = .)
                0x20004f18                        . = (. + _Min_Heap_Size)
 *fill*         0x20004d18      0x200 
                0x20005318                        . = (. + _Min_Stack_Size)
 *fill*         0x20004f18      0x400 
                0x20005318                        . = ALIGN (0x8)

/DISCARD/
 libc.a(*)
 libm.a(*)
 libgcc.a(*)

.ARM.attributes
                0x00000000       0x30
 *(.ARM.attributes)
 .ARM.attributes
                0x00000000       0x22 C:/ST/STM32CubeIDE_1.16.0/STM32CubeIDE/plugins/com.st.stm32cube.ide.mcu.externaltools.gnu-tools-for-stm32.12.3.rel1.win32_1.0.200.202406191623/tools/bin/../lib/gcc/arm-none-eabi/12.3.1/thumb/v7e-m+fp/hard/crti.o
 .ARM.attributes
                0x00000022       0x34 C:/ST/STM32CubeIDE_1.16.0/STM32CubeIDE/plugins/com.st.stm32cube.ide.mcu.externaltools.gnu-tools-for-stm32.12.3.rel1.win32_1.0.200.202406191623/tools/bin/../lib/gcc/arm-none-eabi/12.3.1/thumb/v7e-m+fp/hard/crtbegin.o
 .ARM.attributes
                0x00000056       0x34 ./Core/Src/dma.o
 .ARM.attributes
                0x0000008a       0x34 ./Core/Src/freertos.o
 .ARM.attributes
                0x000000be       0x34 ./Core/Src/gpio.o
 .ARM.attributes
                0x000000f2       0x34 ./Core/Src/main.o
 .ARM.attributes
                0x00000126       0x34 ./Core/Src/stm32f4xx_hal_msp.o
 .ARM.attributes
                0x0000015a       0x34 ./Core/Src/stm32f4xx_hal_timebase_tim.o
 .ARM.attributes
                0x0000018e       0x34 ./Core/Src/stm32f4xx_it.o
 .ARM.attributes
                0x000001c2       0x34 ./Core/Src/system_stm32f4xx.o
 .ARM.attributes
                0x000001f6       0x34 ./Core/Src/usart.o
 .ARM.attributes
                0x0000022a       0x21 ./Core/Startup/startup_stm32f411retx.o
 .ARM.attributes
                0x0000024b       0x34 ./Drivers/STM32F4xx_HAL_Driver/Src/stm32f4xx_hal.o
 .ARM.attributes
                0x0000027f       0x34 ./Drivers/STM32F4xx_HAL_Driver/Src/stm32f4xx_hal_cortex.o
 .ARM.attributes
                0x000002b3       0x34 ./Drivers/STM32F4xx_HAL_Driver/Src/stm32f4xx_hal_dma.o
 .ARM.attributes
                0x000002e7       0x34 ./Drivers/STM32F4xx_HAL_Driver/Src/stm32f4xx_hal_gpio.o
 .ARM.attributes
                0x0000031b       0x34 ./Drivers/STM32F4xx_HAL_Driver/Src/stm32f4xx_hal_rcc.o
 .ARM.attributes
                0x0000034f       0x34 ./Drivers/STM32F4xx_HAL_Driver/Src/stm32f4xx_hal_tim.o
 .ARM.attributes
                0x00000383       0x34 ./Drivers/STM32F4xx_HAL_Driver/Src/stm32f4xx_hal_tim_ex.o
 .ARM.attributes
                0x000003b7       0x34 ./Drivers/STM32F4xx_HAL_Driver/Src/stm32f4xx_hal_uart.o
 .ARM.attributes
                0x000003eb       0x34 ./Middlewares/Third_Party/FreeRTOS/Source/CMSIS_RTOS_V2/cmsis_os2.o
 .ARM.attributes
                0x0000041f       0x34 ./Middlewares/Third_Party/FreeRTOS/Source/list.o
 .ARM.attributes
                0x00000453       0x34 ./Middlewares/Third_Party/FreeRTOS/Source/queue.o
 .ARM.attributes
                0x00000487       0x34 ./Middlewares/Third_Party/FreeRTOS/Source/tasks.o
 .ARM.attributes
                0x000004bb       0x34 ./Middlewares/Third_Party/FreeRTOS/Source/timers.o
 .ARM.attributes
                0x000004ef       0x34 ./Middlewares/Third_Party/FreeRTOS/Source/portable/GCC/ARM_CM4F/port.o
 .ARM.attributes
                0x00000523       0x34 ./Middlewares/Third_Party/FreeRTOS/Source/portable/MemMang/heap_4.o
 .ARM.attributes
                0x00000557       0x34 ./app/ap.o
 .ARM.attributes
                0x0000058b       0x34 ./app/step_motor.o
 .ARM.attributes
                0x000005bf       0x34 C:/ST/STM32CubeIDE_1.16.0/STM32CubeIDE/plugins/com.st.stm32cube.ide.mcu.externaltools.gnu-tools-for-stm32.12.3.rel1.win32_1.0.200.202406191623/tools/bin/../lib/gcc/arm-none-eabi/12.3.1/../../../../arm-none-eabi/lib/thumb/v7e-m+fp/hard\libc_nano.a(libc_a-findfp.o)
 .ARM.attributes
                0x000005f3       0x34 C:/ST/STM32CubeIDE_1.16.0/STM32CubeIDE/plugins/com.st.stm32cube.ide.mcu.externaltools.gnu-tools-for-stm32.12.3.rel1.win32_1.0.200.202406191623/tools/bin/../lib/gcc/arm-none-eabi/12.3.1/../../../../arm-none-eabi/lib/thumb/v7e-m+fp/hard\libc_nano.a(libc_a-memset.o)
 .ARM.attributes
                0x00000627       0x34 C:/ST/STM32CubeIDE_1.16.0/STM32CubeIDE/plugins/com.st.stm32cube.ide.mcu.externaltools.gnu-tools-for-stm32.12.3.rel1.win32_1.0.200.202406191623/tools/bin/../lib/gcc/arm-none-eabi/12.3.1/../../../../arm-none-eabi/lib/thumb/v7e-m+fp/hard\libc_nano.a(libc_a-reent.o)
 .ARM.attributes
                0x0000065b       0x34 C:/ST/STM32CubeIDE_1.16.0/STM32CubeIDE/plugins/com.st.stm32cube.ide.mcu.externaltools.gnu-tools-for-stm32.12.3.rel1.win32_1.0.200.202406191623/tools/bin/../lib/gcc/arm-none-eabi/12.3.1/../../../../arm-none-eabi/lib/thumb/v7e-m+fp/hard\libc_nano.a(libc_a-impure.o)
 .ARM.attributes
                0x0000068f       0x34 C:/ST/STM32CubeIDE_1.16.0/STM32CubeIDE/plugins/com.st.stm32cube.ide.mcu.externaltools.gnu-tools-for-stm32.12.3.rel1.win32_1.0.200.202406191623/tools/bin/../lib/gcc/arm-none-eabi/12.3.1/../../../../arm-none-eabi/lib/thumb/v7e-m+fp/hard\libc_nano.a(libc_a-init.o)
 .ARM.attributes
                0x000006c3       0x34 C:/ST/STM32CubeIDE_1.16.0/STM32CubeIDE/plugins/com.st.stm32cube.ide.mcu.externaltools.gnu-tools-for-stm32.12.3.rel1.win32_1.0.200.202406191623/tools/bin/../lib/gcc/arm-none-eabi/12.3.1/../../../../arm-none-eabi/lib/thumb/v7e-m+fp/hard\libc_nano.a(libc_a-lock.o)
 .ARM.attributes
                0x000006f7       0x34 C:/ST/STM32CubeIDE_1.16.0/STM32CubeIDE/plugins/com.st.stm32cube.ide.mcu.externaltools.gnu-tools-for-stm32.12.3.rel1.win32_1.0.200.202406191623/tools/bin/../lib/gcc/arm-none-eabi/12.3.1/../../../../arm-none-eabi/lib/thumb/v7e-m+fp/hard\libc_nano.a(libc_a-memcpy-stub.o)
 .ARM.attributes
                0x0000072b       0x34 C:/ST/STM32CubeIDE_1.16.0/STM32CubeIDE/plugins/com.st.stm32cube.ide.mcu.externaltools.gnu-tools-for-stm32.12.3.rel1.win32_1.0.200.202406191623/tools/bin/../lib/gcc/arm-none-eabi/12.3.1/../../../../arm-none-eabi/lib/thumb/v7e-m+fp/hard\libc_nano.a(libc_a-freer.o)
 .ARM.attributes
                0x0000075f       0x34 C:/ST/STM32CubeIDE_1.16.0/STM32CubeIDE/plugins/com.st.stm32cube.ide.mcu.externaltools.gnu-tools-for-stm32.12.3.rel1.win32_1.0.200.202406191623/tools/bin/../lib/gcc/arm-none-eabi/12.3.1/../../../../arm-none-eabi/lib/thumb/v7e-m+fp/hard\libc_nano.a(libc_a-mallocr.o)
 .ARM.attributes
                0x00000793       0x34 C:/ST/STM32CubeIDE_1.16.0/STM32CubeIDE/plugins/com.st.stm32cube.ide.mcu.externaltools.gnu-tools-for-stm32.12.3.rel1.win32_1.0.200.202406191623/tools/bin/../lib/gcc/arm-none-eabi/12.3.1/../../../../arm-none-eabi/lib/thumb/v7e-m+fp/hard\libc_nano.a(libc_a-mlock.o)
 .ARM.attributes
                0x000007c7       0x22 C:/ST/STM32CubeIDE_1.16.0/STM32CubeIDE/plugins/com.st.stm32cube.ide.mcu.externaltools.gnu-tools-for-stm32.12.3.rel1.win32_1.0.200.202406191623/tools/bin/../lib/gcc/arm-none-eabi/12.3.1/thumb/v7e-m+fp/hard\libgcc.a(_aeabi_uldivmod.o)
 .ARM.attributes
                0x000007e9       0x34 C:/ST/STM32CubeIDE_1.16.0/STM32CubeIDE/plugins/com.st.stm32cube.ide.mcu.externaltools.gnu-tools-for-stm32.12.3.rel1.win32_1.0.200.202406191623/tools/bin/../lib/gcc/arm-none-eabi/12.3.1/thumb/v7e-m+fp/hard\libgcc.a(_udivmoddi4.o)
 .ARM.attributes
                0x0000081d       0x22 C:/ST/STM32CubeIDE_1.16.0/STM32CubeIDE/plugins/com.st.stm32cube.ide.mcu.externaltools.gnu-tools-for-stm32.12.3.rel1.win32_1.0.200.202406191623/tools/bin/../lib/gcc/arm-none-eabi/12.3.1/thumb/v7e-m+fp/hard\libgcc.a(_dvmd_tls.o)
 .ARM.attributes
                0x0000083f       0x22 C:/ST/STM32CubeIDE_1.16.0/STM32CubeIDE/plugins/com.st.stm32cube.ide.mcu.externaltools.gnu-tools-for-stm32.12.3.rel1.win32_1.0.200.202406191623/tools/bin/../lib/gcc/arm-none-eabi/12.3.1/thumb/v7e-m+fp/hard/crtn.o
OUTPUT(Personal_Project_Elevator.elf elf32-littlearm)
LOAD linker stubs
LOAD C:/ST/STM32CubeIDE_1.16.0/STM32CubeIDE/plugins/com.st.stm32cube.ide.mcu.externaltools.gnu-tools-for-stm32.12.3.rel1.win32_1.0.200.202406191623/tools/bin/../lib/gcc/arm-none-eabi/12.3.1/../../../../arm-none-eabi/lib/thumb/v7e-m+fp/hard\libc.a
LOAD C:/ST/STM32CubeIDE_1.16.0/STM32CubeIDE/plugins/com.st.stm32cube.ide.mcu.externaltools.gnu-tools-for-stm32.12.3.rel1.win32_1.0.200.202406191623/tools/bin/../lib/gcc/arm-none-eabi/12.3.1/../../../../arm-none-eabi/lib/thumb/v7e-m+fp/hard\libm.a
LOAD C:/ST/STM32CubeIDE_1.16.0/STM32CubeIDE/plugins/com.st.stm32cube.ide.mcu.externaltools.gnu-tools-for-stm32.12.3.rel1.win32_1.0.200.202406191623/tools/bin/../lib/gcc/arm-none-eabi/12.3.1/thumb/v7e-m+fp/hard\libgcc.a

.debug_info     0x00000000    0x1922e
 .debug_info    0x00000000      0x445 ./Core/Src/dma.o
 .debug_info    0x00000445      0x5c9 ./Core/Src/freertos.o
 .debug_info    0x00000a0e      0x433 ./Core/Src/gpio.o
 .debug_info    0x00000e41      0xb64 ./Core/Src/main.o
 .debug_info    0x000019a5      0x44f ./Core/Src/stm32f4xx_hal_msp.o
 .debug_info    0x00001df4      0xb75 ./Core/Src/stm32f4xx_hal_timebase_tim.o
 .debug_info    0x00002969      0x6e7 ./Core/Src/stm32f4xx_it.o
 .debug_info    0x00003050      0x53e ./Core/Src/system_stm32f4xx.o
 .debug_info    0x0000358e      0x999 ./Core/Src/usart.o
 .debug_info    0x00003f27       0x30 ./Core/Startup/startup_stm32f411retx.o
 .debug_info    0x00003f57      0x8c4 ./Drivers/STM32F4xx_HAL_Driver/Src/stm32f4xx_hal.o
 .debug_info    0x0000481b      0xcfc ./Drivers/STM32F4xx_HAL_Driver/Src/stm32f4xx_hal_cortex.o
 .debug_info    0x00005517      0x8e6 ./Drivers/STM32F4xx_HAL_Driver/Src/stm32f4xx_hal_dma.o
 .debug_info    0x00005dfd      0x6f9 ./Drivers/STM32F4xx_HAL_Driver/Src/stm32f4xx_hal_gpio.o
 .debug_info    0x000064f6      0x8f0 ./Drivers/STM32F4xx_HAL_Driver/Src/stm32f4xx_hal_rcc.o
 .debug_info    0x00006de6     0x2996 ./Drivers/STM32F4xx_HAL_Driver/Src/stm32f4xx_hal_tim.o
 .debug_info    0x0000977c     0x14d4 ./Drivers/STM32F4xx_HAL_Driver/Src/stm32f4xx_hal_tim_ex.o
 .debug_info    0x0000ac50     0x2f56 ./Drivers/STM32F4xx_HAL_Driver/Src/stm32f4xx_hal_uart.o
 .debug_info    0x0000dba6     0x4079 ./Middlewares/Third_Party/FreeRTOS/Source/CMSIS_RTOS_V2/cmsis_os2.o
 .debug_info    0x00011c1f      0x2af ./Middlewares/Third_Party/FreeRTOS/Source/list.o
 .debug_info    0x00011ece     0x1b79 ./Middlewares/Third_Party/FreeRTOS/Source/queue.o
 .debug_info    0x00013a47     0x28c1 ./Middlewares/Third_Party/FreeRTOS/Source/tasks.o
 .debug_info    0x00016308     0x1b50 ./Middlewares/Third_Party/FreeRTOS/Source/timers.o
 .debug_info    0x00017e58      0x4de ./Middlewares/Third_Party/FreeRTOS/Source/portable/GCC/ARM_CM4F/port.o
 .debug_info    0x00018336      0x4d5 ./Middlewares/Third_Party/FreeRTOS/Source/portable/MemMang/heap_4.o
 .debug_info    0x0001880b      0x7cb ./app/ap.o
 .debug_info    0x00018fd6      0x258 ./app/step_motor.o

.debug_abbrev   0x00000000     0x3be3
 .debug_abbrev  0x00000000      0x10e ./Core/Src/dma.o
 .debug_abbrev  0x0000010e      0x1e3 ./Core/Src/freertos.o
 .debug_abbrev  0x000002f1      0x151 ./Core/Src/gpio.o
 .debug_abbrev  0x00000442      0x25e ./Core/Src/main.o
 .debug_abbrev  0x000006a0      0x119 ./Core/Src/stm32f4xx_hal_msp.o
 .debug_abbrev  0x000007b9      0x207 ./Core/Src/stm32f4xx_hal_timebase_tim.o
 .debug_abbrev  0x000009c0      0x194 ./Core/Src/stm32f4xx_it.o
 .debug_abbrev  0x00000b54      0x11a ./Core/Src/system_stm32f4xx.o
 .debug_abbrev  0x00000c6e      0x20e ./Core/Src/usart.o
 .debug_abbrev  0x00000e7c       0x24 ./Core/Startup/startup_stm32f411retx.o
 .debug_abbrev  0x00000ea0      0x24b ./Drivers/STM32F4xx_HAL_Driver/Src/stm32f4xx_hal.o
 .debug_abbrev  0x000010eb      0x31d ./Drivers/STM32F4xx_HAL_Driver/Src/stm32f4xx_hal_cortex.o
 .debug_abbrev  0x00001408      0x221 ./Drivers/STM32F4xx_HAL_Driver/Src/stm32f4xx_hal_dma.o
 .debug_abbrev  0x00001629      0x1d3 ./Drivers/STM32F4xx_HAL_Driver/Src/stm32f4xx_hal_gpio.o
 .debug_abbrev  0x000017fc      0x2b6 ./Drivers/STM32F4xx_HAL_Driver/Src/stm32f4xx_hal_rcc.o
 .debug_abbrev  0x00001ab2      0x28b ./Drivers/STM32F4xx_HAL_Driver/Src/stm32f4xx_hal_tim.o
 .debug_abbrev  0x00001d3d      0x296 ./Drivers/STM32F4xx_HAL_Driver/Src/stm32f4xx_hal_tim_ex.o
 .debug_abbrev  0x00001fd3      0x31b ./Drivers/STM32F4xx_HAL_Driver/Src/stm32f4xx_hal_uart.o
 .debug_abbrev  0x000022ee      0x548 ./Middlewares/Third_Party/FreeRTOS/Source/CMSIS_RTOS_V2/cmsis_os2.o
 .debug_abbrev  0x00002836       0xf5 ./Middlewares/Third_Party/FreeRTOS/Source/list.o
 .debug_abbrev  0x0000292b      0x3b6 ./Middlewares/Third_Party/FreeRTOS/Source/queue.o
 .debug_abbrev  0x00002ce1      0x3fe ./Middlewares/Third_Party/FreeRTOS/Source/tasks.o
 .debug_abbrev  0x000030df      0x368 ./Middlewares/Third_Party/FreeRTOS/Source/timers.o
 .debug_abbrev  0x00003447      0x25c ./Middlewares/Third_Party/FreeRTOS/Source/portable/GCC/ARM_CM4F/port.o
 .debug_abbrev  0x000036a3      0x21d ./Middlewares/Third_Party/FreeRTOS/Source/portable/MemMang/heap_4.o
 .debug_abbrev  0x000038c0      0x200 ./app/ap.o
 .debug_abbrev  0x00003ac0      0x123 ./app/step_motor.o

.debug_aranges  0x00000000     0x1518
 .debug_aranges
                0x00000000       0x20 ./Core/Src/dma.o
 .debug_aranges
                0x00000020       0x38 ./Core/Src/freertos.o
 .debug_aranges
                0x00000058       0x20 ./Core/Src/gpio.o
 .debug_aranges
                0x00000078       0x38 ./Core/Src/main.o
 .debug_aranges
                0x000000b0       0x20 ./Core/Src/stm32f4xx_hal_msp.o
 .debug_aranges
                0x000000d0       0x30 ./Core/Src/stm32f4xx_hal_timebase_tim.o
 .debug_aranges
                0x00000100       0x60 ./Core/Src/stm32f4xx_it.o
 .debug_aranges
                0x00000160       0x28 ./Core/Src/system_stm32f4xx.o
 .debug_aranges
                0x00000188       0x30 ./Core/Src/usart.o
 .debug_aranges
                0x000001b8       0x28 ./Core/Startup/startup_stm32f411retx.o
 .debug_aranges
                0x000001e0       0xf0 ./Drivers/STM32F4xx_HAL_Driver/Src/stm32f4xx_hal.o
 .debug_aranges
                0x000002d0      0x130 ./Drivers/STM32F4xx_HAL_Driver/Src/stm32f4xx_hal_cortex.o
 .debug_aranges
                0x00000400       0x90 ./Drivers/STM32F4xx_HAL_Driver/Src/stm32f4xx_hal_dma.o
 .debug_aranges
                0x00000490       0x58 ./Drivers/STM32F4xx_HAL_Driver/Src/stm32f4xx_hal_gpio.o
 .debug_aranges
                0x000004e8       0x88 ./Drivers/STM32F4xx_HAL_Driver/Src/stm32f4xx_hal_rcc.o
 .debug_aranges
                0x00000570      0x3d0 ./Drivers/STM32F4xx_HAL_Driver/Src/stm32f4xx_hal_tim.o
 .debug_aranges
                0x00000940      0x168 ./Drivers/STM32F4xx_HAL_Driver/Src/stm32f4xx_hal_tim_ex.o
 .debug_aranges
                0x00000aa8      0x208 ./Drivers/STM32F4xx_HAL_Driver/Src/stm32f4xx_hal_uart.o
 .debug_aranges
                0x00000cb0      0x2b0 ./Middlewares/Third_Party/FreeRTOS/Source/CMSIS_RTOS_V2/cmsis_os2.o
 .debug_aranges
                0x00000f60       0x40 ./Middlewares/Third_Party/FreeRTOS/Source/list.o
 .debug_aranges
                0x00000fa0      0x158 ./Middlewares/Third_Party/FreeRTOS/Source/queue.o
 .debug_aranges
                0x000010f8      0x208 ./Middlewares/Third_Party/FreeRTOS/Source/tasks.o
 .debug_aranges
                0x00001300       0xf0 ./Middlewares/Third_Party/FreeRTOS/Source/timers.o
 .debug_aranges
                0x000013f0       0x80 ./Middlewares/Third_Party/FreeRTOS/Source/portable/GCC/ARM_CM4F/port.o
 .debug_aranges
                0x00001470       0x58 ./Middlewares/Third_Party/FreeRTOS/Source/portable/MemMang/heap_4.o
 .debug_aranges
                0x000014c8       0x28 ./app/ap.o
 .debug_aranges
                0x000014f0       0x28 ./app/step_motor.o

.debug_rnglists
                0x00000000     0x104b
 .debug_rnglists
                0x00000000       0x13 ./Core/Src/dma.o
 .debug_rnglists
                0x00000013       0x26 ./Core/Src/freertos.o
 .debug_rnglists
                0x00000039       0x14 ./Core/Src/gpio.o
 .debug_rnglists
                0x0000004d       0x26 ./Core/Src/main.o
 .debug_rnglists
                0x00000073       0x13 ./Core/Src/stm32f4xx_hal_msp.o
 .debug_rnglists
                0x00000086       0x20 ./Core/Src/stm32f4xx_hal_timebase_tim.o
 .debug_rnglists
                0x000000a6       0x43 ./Core/Src/stm32f4xx_it.o
 .debug_rnglists
                0x000000e9       0x1a ./Core/Src/system_stm32f4xx.o
 .debug_rnglists
                0x00000103       0x20 ./Core/Src/usart.o
 .debug_rnglists
                0x00000123       0x19 ./Core/Startup/startup_stm32f411retx.o
 .debug_rnglists
                0x0000013c       0xaf ./Drivers/STM32F4xx_HAL_Driver/Src/stm32f4xx_hal.o
 .debug_rnglists
                0x000001eb       0xe0 ./Drivers/STM32F4xx_HAL_Driver/Src/stm32f4xx_hal_cortex.o
 .debug_rnglists
                0x000002cb       0x70 ./Drivers/STM32F4xx_HAL_Driver/Src/stm32f4xx_hal_dma.o
 .debug_rnglists
                0x0000033b       0x3f ./Drivers/STM32F4xx_HAL_Driver/Src/stm32f4xx_hal_gpio.o
 .debug_rnglists
                0x0000037a       0x66 ./Drivers/STM32F4xx_HAL_Driver/Src/stm32f4xx_hal_rcc.o
 .debug_rnglists
                0x000003e0      0x31a ./Drivers/STM32F4xx_HAL_Driver/Src/stm32f4xx_hal_tim.o
 .debug_rnglists
                0x000006fa      0x125 ./Drivers/STM32F4xx_HAL_Driver/Src/stm32f4xx_hal_tim_ex.o
 .debug_rnglists
                0x0000081f      0x1bc ./Drivers/STM32F4xx_HAL_Driver/Src/stm32f4xx_hal_uart.o
 .debug_rnglists
                0x000009db      0x212 ./Middlewares/Third_Party/FreeRTOS/Source/CMSIS_RTOS_V2/cmsis_os2.o
 .debug_rnglists
                0x00000bed       0x2b ./Middlewares/Third_Party/FreeRTOS/Source/list.o
 .debug_rnglists
                0x00000c18      0x109 ./Middlewares/Third_Party/FreeRTOS/Source/queue.o
 .debug_rnglists
                0x00000d21      0x1a0 ./Middlewares/Third_Party/FreeRTOS/Source/tasks.o
 .debug_rnglists
                0x00000ec1       0xb8 ./Middlewares/Third_Party/FreeRTOS/Source/timers.o
 .debug_rnglists
                0x00000f79       0x5d ./Middlewares/Third_Party/FreeRTOS/Source/portable/GCC/ARM_CM4F/port.o
 .debug_rnglists
                0x00000fd6       0x42 ./Middlewares/Third_Party/FreeRTOS/Source/portable/MemMang/heap_4.o
 .debug_rnglists
                0x00001018       0x19 ./app/ap.o
 .debug_rnglists
                0x00001031       0x1a ./app/step_motor.o

.debug_macro    0x00000000    0x19a06
 .debug_macro   0x00000000      0x1e2 ./Core/Src/dma.o
 .debug_macro   0x000001e2      0xab4 ./Core/Src/dma.o
 .debug_macro   0x00000c96      0x29b ./Core/Src/dma.o
 .debug_macro   0x00000f31       0x2e ./Core/Src/dma.o
 .debug_macro   0x00000f5f       0x28 ./Core/Src/dma.o
 .debug_macro   0x00000f87       0x22 ./Core/Src/dma.o
 .debug_macro   0x00000fa9       0x8e ./Core/Src/dma.o
 .debug_macro   0x00001037       0x51 ./Core/Src/dma.o
 .debug_macro   0x00001088      0x103 ./Core/Src/dma.o
 .debug_macro   0x0000118b       0x6a ./Core/Src/dma.o
 .debug_macro   0x000011f5      0x1df ./Core/Src/dma.o
 .debug_macro   0x000013d4       0x1c ./Core/Src/dma.o
 .debug_macro   0x000013f0       0x22 ./Core/Src/dma.o
 .debug_macro   0x00001412       0xfb ./Core/Src/dma.o
 .debug_macro   0x0000150d     0x1011 ./Core/Src/dma.o
 .debug_macro   0x0000251e      0x11f ./Core/Src/dma.o
 .debug_macro   0x0000263d     0xb953 ./Core/Src/dma.o
 .debug_macro   0x0000df90       0x6d ./Core/Src/dma.o
 .debug_macro   0x0000dffd     0x369a ./Core/Src/dma.o
 .debug_macro   0x00011697      0x189 ./Core/Src/dma.o
 .debug_macro   0x00011820       0x5c ./Core/Src/dma.o
 .debug_macro   0x0001187c      0x45c ./Core/Src/dma.o
 .debug_macro   0x00011cd8      0x9e9 ./Core/Src/dma.o
 .debug_macro   0x000126c1      0x115 ./Core/Src/dma.o
 .debug_macro   0x000127d6      0x11b ./Core/Src/dma.o
 .debug_macro   0x000128f1       0xa5 ./Core/Src/dma.o
 .debug_macro   0x00012996      0x15f ./Core/Src/dma.o
 .debug_macro   0x00012af5      0x287 ./Core/Src/dma.o
 .debug_macro   0x00012d7c       0x5f ./Core/Src/dma.o
 .debug_macro   0x00012ddb      0x236 ./Core/Src/dma.o
 .debug_macro   0x00013011      0x132 ./Core/Src/dma.o
 .debug_macro   0x00013143      0x264 ./Core/Src/dma.o
 .debug_macro   0x000133a7       0x2e ./Core/Src/dma.o
 .debug_macro   0x000133d5      0x127 ./Core/Src/dma.o
 .debug_macro   0x000134fc       0x85 ./Core/Src/dma.o
 .debug_macro   0x00013581       0x89 ./Core/Src/dma.o
 .debug_macro   0x0001360a      0x8ed ./Core/Src/dma.o
 .debug_macro   0x00013ef7       0x47 ./Core/Src/dma.o
 .debug_macro   0x00013f3e      0x2aa ./Core/Src/dma.o
 .debug_macro   0x000141e8      0x126 ./Core/Src/dma.o
 .debug_macro   0x0001430e      0x3c4 ./Core/Src/freertos.o
 .debug_macro   0x000146d2      0x16f ./Core/Src/freertos.o
 .debug_macro   0x00014841      0x15a ./Core/Src/freertos.o
 .debug_macro   0x0001499b       0xc9 ./Core/Src/freertos.o
 .debug_macro   0x00014a64       0x1c ./Core/Src/freertos.o
 .debug_macro   0x00014a80       0x26 ./Core/Src/freertos.o
 .debug_macro   0x00014aa6       0x61 ./Core/Src/freertos.o
 .debug_macro   0x00014b07       0x2a ./Core/Src/freertos.o
 .debug_macro   0x00014b31       0x43 ./Core/Src/freertos.o
 .debug_macro   0x00014b74       0x34 ./Core/Src/freertos.o
 .debug_macro   0x00014ba8       0x16 ./Core/Src/freertos.o
 .debug_macro   0x00014bbe       0x43 ./Core/Src/freertos.o
 .debug_macro   0x00014c01       0x34 ./Core/Src/freertos.o
 .debug_macro   0x00014c35       0x10 ./Core/Src/freertos.o
 .debug_macro   0x00014c45       0x58 ./Core/Src/freertos.o
 .debug_macro   0x00014c9d       0x8e ./Core/Src/freertos.o
 .debug_macro   0x00014d2b       0x1c ./Core/Src/freertos.o
 .debug_macro   0x00014d47      0x177 ./Core/Src/freertos.o
 .debug_macro   0x00014ebe       0x10 ./Core/Src/freertos.o
 .debug_macro   0x00014ece       0x35 ./Core/Src/freertos.o
 .debug_macro   0x00014f03      0x4bf ./Core/Src/freertos.o
 .debug_macro   0x000153c2       0xb5 ./Core/Src/freertos.o
 .debug_macro   0x00015477       0xaa ./Core/Src/freertos.o
 .debug_macro   0x00015521       0x6c ./Core/Src/freertos.o
 .debug_macro   0x0001558d       0x74 ./Core/Src/freertos.o
 .debug_macro   0x00015601       0xdd ./Core/Src/freertos.o
 .debug_macro   0x000156de       0x28 ./Core/Src/freertos.o
 .debug_macro   0x00015706       0x1c ./Core/Src/freertos.o
 .debug_macro   0x00015722      0x369 ./Core/Src/freertos.o
 .debug_macro   0x00015a8b       0x10 ./Core/Src/freertos.o
 .debug_macro   0x00015a9b       0x1c ./Core/Src/freertos.o
 .debug_macro   0x00015ab7       0x16 ./Core/Src/freertos.o
 .debug_macro   0x00015acd      0x146 ./Core/Src/freertos.o
 .debug_macro   0x00015c13       0x22 ./Core/Src/freertos.o
 .debug_macro   0x00015c35       0x34 ./Core/Src/freertos.o
 .debug_macro   0x00015c69       0x34 ./Core/Src/freertos.o
 .debug_macro   0x00015c9d      0x1e2 ./Core/Src/gpio.o
 .debug_macro   0x00015e7f      0x3c0 ./Core/Src/main.o
 .debug_macro   0x0001623f      0x16f ./Core/Src/main.o
 .debug_macro   0x000163ae       0x66 ./Core/Src/main.o
 .debug_macro   0x00016414       0x2e ./Core/Src/main.o
 .debug_macro   0x00016442      0x1d8 ./Core/Src/stm32f4xx_hal_msp.o
 .debug_macro   0x0001661a      0x1ce ./Core/Src/stm32f4xx_hal_timebase_tim.o
 .debug_macro   0x000167e8      0x1e2 ./Core/Src/stm32f4xx_it.o
 .debug_macro   0x000169ca      0x1ce ./Core/Src/system_stm32f4xx.o
 .debug_macro   0x00016b98      0x1e2 ./Core/Src/usart.o
 .debug_macro   0x00016d7a      0x22e ./Drivers/STM32F4xx_HAL_Driver/Src/stm32f4xx_hal.o
 .debug_macro   0x00016fa8      0x1ce ./Drivers/STM32F4xx_HAL_Driver/Src/stm32f4xx_hal_cortex.o
 .debug_macro   0x00017176      0x1d4 ./Drivers/STM32F4xx_HAL_Driver/Src/stm32f4xx_hal_dma.o
 .debug_macro   0x0001734a      0x1d4 ./Drivers/STM32F4xx_HAL_Driver/Src/stm32f4xx_hal_gpio.o
 .debug_macro   0x0001751e      0x1f2 ./Drivers/STM32F4xx_HAL_Driver/Src/stm32f4xx_hal_rcc.o
 .debug_macro   0x00017710      0x1cf ./Drivers/STM32F4xx_HAL_Driver/Src/stm32f4xx_hal_tim.o
 .debug_macro   0x000178df      0x1ce ./Drivers/STM32F4xx_HAL_Driver/Src/stm32f4xx_hal_tim_ex.o
 .debug_macro   0x00017aad      0x1cf ./Drivers/STM32F4xx_HAL_Driver/Src/stm32f4xx_hal_uart.o
 .debug_macro   0x00017c7c      0x3d7 ./Middlewares/Third_Party/FreeRTOS/Source/CMSIS_RTOS_V2/cmsis_os2.o
 .debug_macro   0x00018053       0x10 ./Middlewares/Third_Party/FreeRTOS/Source/CMSIS_RTOS_V2/cmsis_os2.o
 .debug_macro   0x00018063       0x20 ./Middlewares/Third_Party/FreeRTOS/Source/CMSIS_RTOS_V2/cmsis_os2.o
 .debug_macro   0x00018083       0x10 ./Middlewares/Third_Party/FreeRTOS/Source/CMSIS_RTOS_V2/cmsis_os2.o
 .debug_macro   0x00018093       0xf5 ./Middlewares/Third_Party/FreeRTOS/Source/CMSIS_RTOS_V2/cmsis_os2.o
 .debug_macro   0x00018188       0x16 ./Middlewares/Third_Party/FreeRTOS/Source/CMSIS_RTOS_V2/cmsis_os2.o
 .debug_macro   0x0001819e       0x91 ./Middlewares/Third_Party/FreeRTOS/Source/CMSIS_RTOS_V2/cmsis_os2.o
 .debug_macro   0x0001822f       0x8d ./Middlewares/Third_Party/FreeRTOS/Source/CMSIS_RTOS_V2/cmsis_os2.o
 .debug_macro   0x000182bc       0x9a ./Middlewares/Third_Party/FreeRTOS/Source/CMSIS_RTOS_V2/cmsis_os2.o
 .debug_macro   0x00018356       0x22 ./Middlewares/Third_Party/FreeRTOS/Source/CMSIS_RTOS_V2/cmsis_os2.o
 .debug_macro   0x00018378       0x56 ./Middlewares/Third_Party/FreeRTOS/Source/CMSIS_RTOS_V2/cmsis_os2.o
 .debug_macro   0x000183ce      0x199 ./Middlewares/Third_Party/FreeRTOS/Source/list.o
 .debug_macro   0x00018567      0x228 ./Middlewares/Third_Party/FreeRTOS/Source/queue.o
 .debug_macro   0x0001878f       0x16 ./Middlewares/Third_Party/FreeRTOS/Source/queue.o
 .debug_macro   0x000187a5       0x87 ./Middlewares/Third_Party/FreeRTOS/Source/queue.o
 .debug_macro   0x0001882c      0x291 ./Middlewares/Third_Party/FreeRTOS/Source/tasks.o
 .debug_macro   0x00018abd       0x10 ./Middlewares/Third_Party/FreeRTOS/Source/tasks.o
 .debug_macro   0x00018acd      0x1ee ./Middlewares/Third_Party/FreeRTOS/Source/timers.o
 .debug_macro   0x00018cbb       0x97 ./Middlewares/Third_Party/FreeRTOS/Source/timers.o
 .debug_macro   0x00018d52      0x233 ./Middlewares/Third_Party/FreeRTOS/Source/portable/GCC/ARM_CM4F/port.o
 .debug_macro   0x00018f85      0x1c0 ./Middlewares/Third_Party/FreeRTOS/Source/portable/MemMang/heap_4.o
 .debug_macro   0x00019145      0x3ce ./app/ap.o
 .debug_macro   0x00019513       0x16 ./app/ap.o
 .debug_macro   0x00019529       0x9e ./app/ap.o
 .debug_macro   0x000195c7      0x10b ./app/ap.o
 .debug_macro   0x000196d2       0x16 ./app/ap.o
 .debug_macro   0x000196e8      0x31e ./app/step_motor.o

.debug_line     0x00000000    0x19ede
 .debug_line    0x00000000      0x74c ./Core/Src/dma.o
 .debug_line    0x0000074c      0xbf8 ./Core/Src/freertos.o
 .debug_line    0x00001344      0x776 ./Core/Src/gpio.o
 .debug_line    0x00001aba      0xbc9 ./Core/Src/main.o
 .debug_line    0x00002683      0x750 ./Core/Src/stm32f4xx_hal_msp.o
 .debug_line    0x00002dd3      0x7bc ./Core/Src/stm32f4xx_hal_timebase_tim.o
 .debug_line    0x0000358f      0x81b ./Core/Src/stm32f4xx_it.o
 .debug_line    0x00003daa      0x7d3 ./Core/Src/system_stm32f4xx.o
 .debug_line    0x0000457d      0x806 ./Core/Src/usart.o
 .debug_line    0x00004d83       0x7a ./Core/Startup/startup_stm32f411retx.o
 .debug_line    0x00004dfd      0xa3c ./Drivers/STM32F4xx_HAL_Driver/Src/stm32f4xx_hal.o
 .debug_line    0x00005839      0xd2e ./Drivers/STM32F4xx_HAL_Driver/Src/stm32f4xx_hal_cortex.o
 .debug_line    0x00006567      0xfac ./Drivers/STM32F4xx_HAL_Driver/Src/stm32f4xx_hal_dma.o
 .debug_line    0x00007513      0xb8c ./Drivers/STM32F4xx_HAL_Driver/Src/stm32f4xx_hal_gpio.o
 .debug_line    0x0000809f      0xdc7 ./Drivers/STM32F4xx_HAL_Driver/Src/stm32f4xx_hal_rcc.o
 .debug_line    0x00008e66     0x35ba ./Drivers/STM32F4xx_HAL_Driver/Src/stm32f4xx_hal_tim.o
 .debug_line    0x0000c420     0x19cd ./Drivers/STM32F4xx_HAL_Driver/Src/stm32f4xx_hal_tim_ex.o
 .debug_line    0x0000dded     0x290e ./Drivers/STM32F4xx_HAL_Driver/Src/stm32f4xx_hal_uart.o
 .debug_line    0x000106fb     0x23a7 ./Middlewares/Third_Party/FreeRTOS/Source/CMSIS_RTOS_V2/cmsis_os2.o
 .debug_line    0x00012aa2      0x7a1 ./Middlewares/Third_Party/FreeRTOS/Source/list.o
 .debug_line    0x00013243     0x176b ./Middlewares/Third_Party/FreeRTOS/Source/queue.o
 .debug_line    0x000149ae     0x1e66 ./Middlewares/Third_Party/FreeRTOS/Source/tasks.o
 .debug_line    0x00016814      0xe29 ./Middlewares/Third_Party/FreeRTOS/Source/timers.o
 .debug_line    0x0001763d      0x96a ./Middlewares/Third_Party/FreeRTOS/Source/portable/GCC/ARM_CM4F/port.o
 .debug_line    0x00017fa7      0x9cc ./Middlewares/Third_Party/FreeRTOS/Source/portable/MemMang/heap_4.o
 .debug_line    0x00018973      0xb62 ./app/ap.o
 .debug_line    0x000194d5      0xa09 ./app/step_motor.o

.debug_str      0x00000000    0x98ee0
 .debug_str     0x00000000    0x87154 ./Core/Src/dma.o
                              0x873da (size before relaxing)
 .debug_str     0x00087154     0x88ad ./Core/Src/freertos.o
                              0x8f7f0 (size before relaxing)
 .debug_str     0x0008fa01       0x76 ./Core/Src/gpio.o
                              0x870e0 (size before relaxing)
 .debug_str     0x0008fa77      0x6b7 ./Core/Src/main.o
                              0x8fa4c (size before relaxing)
 .debug_str     0x0009012e       0x2c ./Core/Src/stm32f4xx_hal_msp.o
                              0x873ca (size before relaxing)
 .debug_str     0x0009015a       0xf8 ./Core/Src/stm32f4xx_hal_timebase_tim.o
                              0x87a55 (size before relaxing)
 .debug_str     0x00090252      0x124 ./Core/Src/stm32f4xx_it.o
                              0x87520 (size before relaxing)
 .debug_str     0x00090376       0xdb ./Core/Src/system_stm32f4xx.o
                              0x870c5 (size before relaxing)
 .debug_str     0x00090451      0x262 ./Core/Src/usart.o
                              0x875d7 (size before relaxing)
 .debug_str     0x000906b3       0x44 ./Core/Startup/startup_stm32f411retx.o
                                 0x80 (size before relaxing)
 .debug_str     0x000906f7      0x5d3 ./Drivers/STM32F4xx_HAL_Driver/Src/stm32f4xx_hal.o
                              0x87af1 (size before relaxing)
 .debug_str     0x00090cca      0x376 ./Drivers/STM32F4xx_HAL_Driver/Src/stm32f4xx_hal_cortex.o
                              0x8785b (size before relaxing)
 .debug_str     0x00091040      0x2ee ./Drivers/STM32F4xx_HAL_Driver/Src/stm32f4xx_hal_dma.o
                              0x874cd (size before relaxing)
 .debug_str     0x0009132e      0x110 ./Drivers/STM32F4xx_HAL_Driver/Src/stm32f4xx_hal_gpio.o
                              0x87240 (size before relaxing)
 .debug_str     0x0009143e      0x1fd ./Drivers/STM32F4xx_HAL_Driver/Src/stm32f4xx_hal_rcc.o
                              0x874f9 (size before relaxing)
 .debug_str     0x0009163b      0xe4c ./Drivers/STM32F4xx_HAL_Driver/Src/stm32f4xx_hal_tim.o
                              0x8843d (size before relaxing)
 .debug_str     0x00092487      0x503 ./Drivers/STM32F4xx_HAL_Driver/Src/stm32f4xx_hal_tim_ex.o
                              0x87c49 (size before relaxing)
 .debug_str     0x0009298a      0x616 ./Drivers/STM32F4xx_HAL_Driver/Src/stm32f4xx_hal_uart.o
                              0x87ac8 (size before relaxing)
 .debug_str     0x00092fa0     0x3349 ./Middlewares/Third_Party/FreeRTOS/Source/CMSIS_RTOS_V2/cmsis_os2.o
                              0x91eb3 (size before relaxing)
 .debug_str     0x000962e9      0x20f ./Middlewares/Third_Party/FreeRTOS/Source/list.o
                               0xab04 (size before relaxing)
 .debug_str     0x000964f8      0x892 ./Middlewares/Third_Party/FreeRTOS/Source/queue.o
                               0xc644 (size before relaxing)
 .debug_str     0x00096d8a     0x1080 ./Middlewares/Third_Party/FreeRTOS/Source/tasks.o
                               0xd449 (size before relaxing)
 .debug_str     0x00097e0a      0x5af ./Middlewares/Third_Party/FreeRTOS/Source/timers.o
                               0xce95 (size before relaxing)
 .debug_str     0x000983b9      0x783 ./Middlewares/Third_Party/FreeRTOS/Source/portable/GCC/ARM_CM4F/port.o
                               0xa2bc (size before relaxing)
 .debug_str     0x00098b3c      0x324 ./Middlewares/Third_Party/FreeRTOS/Source/portable/MemMang/heap_4.o
                               0xb446 (size before relaxing)
 .debug_str     0x00098e60       0x31 ./app/ap.o
                              0x8f76b (size before relaxing)
 .debug_str     0x00098e91       0x4f ./app/step_motor.o
                              0x8a8df (size before relaxing)

.comment        0x00000000       0x43
 .comment       0x00000000       0x43 ./Core/Src/dma.o
                                 0x44 (size before relaxing)
 .comment       0x00000043       0x44 ./Core/Src/freertos.o
 .comment       0x00000043       0x44 ./Core/Src/gpio.o
 .comment       0x00000043       0x44 ./Core/Src/main.o
 .comment       0x00000043       0x44 ./Core/Src/stm32f4xx_hal_msp.o
 .comment       0x00000043       0x44 ./Core/Src/stm32f4xx_hal_timebase_tim.o
 .comment       0x00000043       0x44 ./Core/Src/stm32f4xx_it.o
 .comment       0x00000043       0x44 ./Core/Src/system_stm32f4xx.o
 .comment       0x00000043       0x44 ./Core/Src/usart.o
 .comment       0x00000043       0x44 ./Drivers/STM32F4xx_HAL_Driver/Src/stm32f4xx_hal.o
 .comment       0x00000043       0x44 ./Drivers/STM32F4xx_HAL_Driver/Src/stm32f4xx_hal_cortex.o
 .comment       0x00000043       0x44 ./Drivers/STM32F4xx_HAL_Driver/Src/stm32f4xx_hal_dma.o
 .comment       0x00000043       0x44 ./Drivers/STM32F4xx_HAL_Driver/Src/stm32f4xx_hal_gpio.o
 .comment       0x00000043       0x44 ./Drivers/STM32F4xx_HAL_Driver/Src/stm32f4xx_hal_rcc.o
 .comment       0x00000043       0x44 ./Drivers/STM32F4xx_HAL_Driver/Src/stm32f4xx_hal_tim.o
 .comment       0x00000043       0x44 ./Drivers/STM32F4xx_HAL_Driver/Src/stm32f4xx_hal_tim_ex.o
 .comment       0x00000043       0x44 ./Drivers/STM32F4xx_HAL_Driver/Src/stm32f4xx_hal_uart.o
 .comment       0x00000043       0x44 ./Middlewares/Third_Party/FreeRTOS/Source/CMSIS_RTOS_V2/cmsis_os2.o
 .comment       0x00000043       0x44 ./Middlewares/Third_Party/FreeRTOS/Source/list.o
 .comment       0x00000043       0x44 ./Middlewares/Third_Party/FreeRTOS/Source/queue.o
 .comment       0x00000043       0x44 ./Middlewares/Third_Party/FreeRTOS/Source/tasks.o
 .comment       0x00000043       0x44 ./Middlewares/Third_Party/FreeRTOS/Source/timers.o
 .comment       0x00000043       0x44 ./Middlewares/Third_Party/FreeRTOS/Source/portable/GCC/ARM_CM4F/port.o
 .comment       0x00000043       0x44 ./Middlewares/Third_Party/FreeRTOS/Source/portable/MemMang/heap_4.o
 .comment       0x00000043       0x44 ./app/ap.o
 .comment       0x00000043       0x44 ./app/step_motor.o

.debug_frame    0x00000000     0x5a10
 .debug_frame   0x00000000       0x34 ./Core/Src/dma.o
 .debug_frame   0x00000034       0x8c ./Core/Src/freertos.o
 .debug_frame   0x000000c0       0x34 ./Core/Src/gpio.o
 .debug_frame   0x000000f4       0x8c ./Core/Src/main.o
 .debug_frame   0x00000180       0x34 ./Core/Src/stm32f4xx_hal_msp.o
 .debug_frame   0x000001b4       0x74 ./Core/Src/stm32f4xx_hal_timebase_tim.o
 .debug_frame   0x00000228       0xfc ./Core/Src/stm32f4xx_it.o
 .debug_frame   0x00000324       0x58 ./Core/Src/system_stm32f4xx.o
 .debug_frame   0x0000037c       0x74 ./Core/Src/usart.o
 .debug_frame   0x000003f0      0x374 ./Drivers/STM32F4xx_HAL_Driver/Src/stm32f4xx_hal.o
 .debug_frame   0x00000764      0x508 ./Drivers/STM32F4xx_HAL_Driver/Src/stm32f4xx_hal_cortex.o
 .debug_frame   0x00000c6c      0x250 ./Drivers/STM32F4xx_HAL_Driver/Src/stm32f4xx_hal_dma.o
 .debug_frame   0x00000ebc      0x14c ./Drivers/STM32F4xx_HAL_Driver/Src/stm32f4xx_hal_gpio.o
 .debug_frame   0x00001008      0x1f4 ./Drivers/STM32F4xx_HAL_Driver/Src/stm32f4xx_hal_rcc.o
 .debug_frame   0x000011fc     0x11b8 ./Drivers/STM32F4xx_HAL_Driver/Src/stm32f4xx_hal_tim.o
 .debug_frame   0x000023b4      0x638 ./Drivers/STM32F4xx_HAL_Driver/Src/stm32f4xx_hal_tim_ex.o
 .debug_frame   0x000029ec      0x954 ./Drivers/STM32F4xx_HAL_Driver/Src/stm32f4xx_hal_uart.o